2025-05-23 07:23:22.174  1237-1237  WindowOnBackDispatcher  com.android.systemui                 W  sendCancelIfRunning: isInProgress=false callback=android.view.ViewRootImpl$$ExternalSyntheticLambda11@8b971b3
2025-05-23 07:23:22.174   608-2396  CoreBackPreview         system_server                        D  Window{18fb521 u0 Toast}: Setting back callback null
2025-05-23 07:23:22.175   608-2396  InputManager-JNI        system_server                        W  Input channel object '18fb521 Toast (client)' was disposed without first being removed with the input manager!
2025-05-23 07:23:22.178   608-2396  NotificationService     system_server                        W  Toast already killed. pkg=com.example.fit5046assignment token=android.os.BinderProxy@55dc006
2025-05-23 07:23:22.485 10142-10218 Firestore               com.example.fit5046assignment        W  (25.1.4) [WriteStream]: (b5608fd) Stream closed with status: Status{code=PERMISSION_DENIED, description=Cloud Firestore API has not been used in project taskpro-9436a before or it is disabled. Enable it by visiting https://console.developers.google.com/apis/api/firestore.googleapis.com/overview?project=taskpro-9436a then retry. If you enabled this API recently, wait a few minutes for the action to propagate to our systems and retry., cause=null}.
2025-05-23 07:23:25.687 10142-10218 Firestore               com.example.fit5046assignment        W  (25.1.4) [WriteStream]: (b5608fd) Stream closed with status: Status{code=PERMISSION_DENIED, description=Cloud Firestore API has not been used in project taskpro-9436a before or it is disabled. Enable it by visiting https://console.developers.google.com/apis/api/firestore.googleapis.com/overview?project=taskpro-9436a then retry. If you enabled this API recently, wait a few minutes for the action to propagate to our systems and retry., cause=null}.
2025-05-23 07:23:28.640   608-1141  IPCThreadState          system_server                        W  Sending oneway calls to frozen process.
2025-05-23 07:23:28.640   608-1141  IPCThreadState          system_server                        W  Sending oneway calls to frozen process.
2025-05-23 07:23:28.641   608-1141  IPCThreadState          system_server                        W  Sending oneway calls to frozen process.
2025-05-23 07:23:28.641  5745-5854  NullBinder              com.google.android.gms.persistent    I  NullBinder for android.net.action.RECOMMEND_NETWORKS triggering remote TransactionTooLargeException due to Service without Chimera impl, calling uid: 1000, calling pid: 0
2025-05-23 07:23:28.641  5745-5854  .gms.persistent         com.google.android.gms.persistent    W  Large reply transaction of 1056768 bytes, interface descriptor , code 1
2025-05-23 07:23:28.642   608-1141  IPCThreadState          system_server                        W  Sending oneway calls to frozen process.
2025-05-23 07:23:28.642   608-1141  IPCThreadState          system_server                        W  Sending oneway calls to frozen process.
2025-05-23 07:23:28.645  4304-4394  BugleRcsEngine          com.google.android.apps.messaging    I  handleMessage processing message:[NOTIFY_UPTIME_IGNORE_STATE_CHANGED] with [non-null]:RcsEngineImpl reference [CONTEXT log_prefix="RcsEngineImpl[DUAL_REG]:[0d510229-d07f]>Handler" thread_id=62 ]
2025-05-23 07:23:28.647   608-1141  IPCThreadState          system_server                        W  Sending oneway calls to frozen process.
2025-05-23 07:23:28.647   608-1141  IPCThreadState          system_server                        W  Sending oneway calls to frozen process.
2025-05-23 07:23:28.647  4304-4361  BugleRcsEngine          com.google.android.apps.messaging    I  Connected state: [1], networkType: [WIFI] [CONTEXT thread_id=53 ]
2025-05-23 07:23:28.647   608-1141  IPCThreadState          system_server                        W  Sending oneway calls to frozen process.
2025-05-23 07:23:28.647   608-1141  IPCThreadState          system_server                        W  Sending oneway calls to frozen process.
2025-05-23 07:23:28.647   608-1141  IPCThreadState          system_server                        W  Sending oneway calls to frozen process.
2025-05-23 07:23:28.647   608-1141  IPCThreadState          system_server                        W  Sending oneway calls to frozen process.
2025-05-23 07:23:28.648   608-1141  IPCThreadState          system_server                        W  Sending oneway calls to frozen process.
2025-05-23 07:23:28.648   608-1141  IPCThreadState          system_server                        W  Sending oneway calls to frozen process.
2025-05-23 07:23:28.658  4304-4394  BugleRcsEngine          com.google.android.apps.messaging    I  No RCS Configuration was found in Bugle for simID: redacted-pii:sim_id[chars:20,last3:897] [CONTEXT log_prefix="ProvisioningEngineDataRetriever" thread_id=62 ]
2025-05-23 07:23:28.824 10142-10218 Firestore               com.example.fit5046assignment        W  (25.1.4) [WriteStream]: (b5608fd) Stream closed with status: Status{code=PERMISSION_DENIED, description=Cloud Firestore API has not been used in project taskpro-9436a before or it is disabled. Enable it by visiting https://console.developers.google.com/apis/api/firestore.googleapis.com/overview?project=taskpro-9436a then retry. If you enabled this API recently, wait a few minutes for the action to propagate to our systems and retry., cause=null}.
2025-05-23 07:23:29.967   608-874   ActivityManager         system_server                        D  freezing 6977 com.google.android.gms.ui
2025-05-23 07:23:29.992   608-2578  ProcessStats            system_server                        W  Tracking association SourceState{3942880 com.google.android.gms/10144 BTop #16949} whose proc state 2 is better than process ProcessState{d6c6eb9 com.google.android.gms.unstable/10144 pkg=com.google.android.gms (sub)} proc state 14 (62 skipped)
2025-05-23 07:23:29.993  5757-5757  BoundBrokerSvc          com.google.android.gms               D  onUnbind: Intent { act=com.google.android.gms.measurement.START pkg=com.google.android.gms }
2025-05-23 07:23:31.432  1237-1394  EGL_emulation           com.android.systemui                 D  app_time_stats: avg=31322.73ms min=31322.73ms max=31322.73ms count=1
2025-05-23 07:23:31.639  5745-5883  NullBinder              com.google.android.gms.persistent    I  NullBinder for android.net.action.RECOMMEND_NETWORKS triggering remote TransactionTooLargeException due to Service without Chimera impl, calling uid: 1000, calling pid: 0
2025-05-23 07:23:31.640  5745-5883  .gms.persistent         com.google.android.gms.persistent    W  Large reply transaction of 1056768 bytes, interface descriptor , code 1
2025-05-23 07:23:31.642   608-1141  IPCThreadState          system_server                        W  Sending oneway calls to frozen process.
2025-05-23 07:23:31.642   608-1141  IPCThreadState          system_server                        W  Sending oneway calls to frozen process.
2025-05-23 07:23:31.643   608-1141  IPCThreadState          system_server                        W  Sending oneway calls to frozen process.
2025-05-23 07:23:31.643   608-1141  IPCThreadState          system_server                        W  Sending oneway calls to frozen process.
2025-05-23 07:23:31.645  4304-4394  BugleRcsEngine          com.google.android.apps.messaging    I  handleMessage processing message:[NOTIFY_UPTIME_IGNORE_STATE_CHANGED] with [non-null]:RcsEngineImpl reference [CONTEXT log_prefix="RcsEngineImpl[DUAL_REG]:[0d510229-d07f]>Handler" thread_id=62 ]
2025-05-23 07:23:31.645  4304-4361  BugleRcsEngine          com.google.android.apps.messaging    I  Connected state: [1], networkType: [WIFI] [CONTEXT thread_id=53 ]
2025-05-23 07:23:31.645   608-1141  IPCThreadState          system_server                        W  Sending oneway calls to frozen process.
2025-05-23 07:23:31.649   608-1141  IPCThreadState          system_server                        W  Sending oneway calls to frozen process.
2025-05-23 07:23:31.650   608-1141  IPCThreadState          system_server                        W  Sending oneway calls to frozen process.
2025-05-23 07:23:31.650   608-1141  IPCThreadState          system_server                        W  Sending oneway calls to frozen process.
2025-05-23 07:23:31.650   608-1141  IPCThreadState          system_server                        W  Sending oneway calls to frozen process.
2025-05-23 07:23:31.650   608-1141  IPCThreadState          system_server                        W  Sending oneway calls to frozen process.
2025-05-23 07:23:31.650   608-1141  IPCThreadState          system_server                        W  Sending oneway calls to frozen process.
2025-05-23 07:23:31.650   608-1141  IPCThreadState          system_server                        W  Sending oneway calls to frozen process.
2025-05-23 07:23:31.651   608-1141  IPCThreadState          system_server                        W  Sending oneway calls to frozen process.
2025-05-23 07:23:31.655  4304-4394  BugleRcsEngine          com.google.android.apps.messaging    I  No RCS Configuration was found in Bugle for simID: redacted-pii:sim_id[chars:20,last3:897] [CONTEXT log_prefix="ProvisioningEngineDataRetriever" thread_id=62 ]