2025-05-23 07:23:16.523 10142-10218 Firestore               com.example.fit5046assignment        W  (25.1.4) [WriteStream]: (b5608fd) Stream closed with status: Status{code=PERMISSION_DENIED, description=Cloud Firestore API has not been used in project taskpro-9436a before or it is disabled. Enable it by visiting https://console.developers.google.com/apis/api/firestore.googleapis.com/overview?project=taskpro-9436a then retry. If you enabled this API recently, wait a few minutes for the action to propagate to our systems and retry., cause=null}.
2025-05-23 07:23:16.579 10142-10218 Firestore               com.example.fit5046assignment        W  (25.1.4) [WriteStream]: (b5608fd) Stream closed with status: Status{code=PERMISSION_DENIED, description=Cloud Firestore API has not been used in project taskpro-9436a before or it is disabled. Enable it by visiting https://console.developers.google.com/apis/api/firestore.googleapis.com/overview?project=taskpro-9436a then retry. If you enabled this API recently, wait a few minutes for the action to propagate to our systems and retry., cause=null}.
2025-05-23 07:23:17.445  1237-1394  EGL_emulation           com.android.systemui                 D  app_time_stats: avg=132.24ms min=2.99ms max=1961.46ms count=16
2025-05-23 07:23:17.674  1237-1237  WindowOnBackDispatcher  com.android.systemui                 W  sendCancelIfRunning: isInProgress=false callback=android.view.ViewRootImpl$$ExternalSyntheticLambda11@a5fe55e
2025-05-23 07:23:17.674   608-1511  CoreBackPreview         system_server                        D  Window{9a93167 u0 Toast}: Setting back callback null
2025-05-23 07:23:17.681   608-1511  InputManager-JNI        system_server                        W  Input channel object '9a93167 Toast (client)' was disposed without first being removed with the input manager!
2025-05-23 07:23:17.683   608-1511  NotificationService     system_server                        W  Toast already killed. pkg=com.example.fit5046assignment token=android.os.BinderProxy@bcb1e9
2025-05-23 07:23:17.949 10142-10218 Firestore               com.example.fit5046assignment        W  (25.1.4) [WriteStream]: (b5608fd) Stream closed with status: Status{code=PERMISSION_DENIED, description=Cloud Firestore API has not been used in project taskpro-9436a before or it is disabled. Enable it by visiting https://console.developers.google.com/apis/api/firestore.googleapis.com/overview?project=taskpro-9436a then retry. If you enabled this API recently, wait a few minutes for the action to propagate to our systems and retry., cause=null}.
2025-05-23 07:23:19.428 10142-10160 EGL_emulation           com.example.fit5046assignment        D  app_time_stats: avg=78.06ms min=2.44ms max=3518.53ms count=51
2025-05-23 07:23:19.586   608-1511  OptProp                 system_server                        W  Cannot read opt property android.window.PROPERTY_COMPAT_ALLOW_USER_ASPECT_RATIO_OVERRIDE
2025-05-23 07:23:19.586   608-1511  OptProp                 system_server                        W  Cannot read opt property android.window.PROPERTY_COMPAT_ALLOW_USER_ASPECT_RATIO_FULLSCREEN_OVERRIDE
2025-05-23 07:23:19.586   608-1511  OptProp                 system_server                        W  Cannot read opt property android.window.PROPERTY_COMPAT_ALLOW_ORIENTATION_OVERRIDE
2025-05-23 07:23:19.586   608-1511  Grammatica...ctionUtils system_server                        V  AttributionSource: android.content.AttributionSource@4a61caf3 does not have READ_SYSTEM_GRAMMATICAL_GENDER permission.
2025-05-23 07:23:19.586   608-1511  OptProp                 system_server                        W  Cannot read opt property android.window.PROPERTY_COMPAT_ALLOW_RESIZEABLE_ACTIVITY_OVERRIDES
2025-05-23 07:23:19.586   608-1511  OptProp                 system_server                        W  Cannot read opt property android.window.PROPERTY_COMPAT_ALLOW_MIN_ASPECT_RATIO_OVERRIDE
2025-05-23 07:23:19.591   608-1511  ActivityTaskManager     system_server                        I  START u0 {act=com.google.android.gms.auth.GOOGLE_SIGN_IN pkg=com.example.fit5046assignment cmp=com.example.fit5046assignment/com.google.android.gms.auth.api.signin.internal.SignInHubActivity (has extras)} with LAUNCH_MULTIPLE from uid 10207 (BAL_ALLOW_VISIBLE_WINDOW) result code=0
2025-05-23 07:23:19.592  1237-1303  WindowManagerShell      com.android.systemui                 V  Transition requested (#192): android.os.BinderProxy@e2212b1 TransitionRequestInfo { type = OPEN, triggerTask = TaskInfo{userId=0 taskId=13 displayId=0 isRunning=true baseIntent=Intent { act=android.intent.action.MAIN cat=[android.intent.category.LAUNCHER] flg=0x10200000 cmp=com.example.fit5046assignment/.MainActivity } baseActivity=ComponentInfo{com.example.fit5046assignment/com.example.fit5046assignment.MainActivity} topActivity=ComponentInfo{com.example.fit5046assignment/com.google.android.gms.auth.api.signin.internal.SignInHubActivity} origActivity=null realActivity=ComponentInfo{com.example.fit5046assignment/com.example.fit5046assignment.MainActivity} numActivities=2 lastActiveTime=5357759 supportsMultiWindow=true resizeMode=1 isResizeable=true minWidth=-1 minHeight=-1 defaultMinSize=220 token=WCT{android.window.IWindowContainerToken$Stub$Proxy@c1a1396} topActivityType=1 pictureInPictureParams=null shouldDockBigOverlays=false launchIntoPipHostTaskId=-1 lastParentTaskIdBeforePip=-1 displayCutoutSafeInsets=null topActivityInfo=ActivityInfo{5163b17 com.google.android.gms.auth.api.signin.internal.SignInHubActivity} launchCookies=[android.os.BinderProxy@1eaee58] positionInParent=Point(0, 0) parentTaskId=-1 isFocused=true isVisible=true isVisibleRequested=true isSleeping=false locusId=null displayAreaFeatureId=1 isTopActivityTransparent=true appCompatTaskInfo=AppCompatTaskInfo { topActivityInSizeCompat=false topActivityEligibleForLetterboxEducation= falseisLetterboxEducationEnabled= true isLetterboxDoubleTapEnabled= false topActivityEligibleForUserAspectRatioButton= false topActivityBoundsLetterboxed= false isFromLetterboxDoubleTap= false topActivityLetterboxVerticalPosition= -1 topActivityLetterboxHorizontalPosition= -1 topActivityLetterboxWidth=1344 topActivityLetterboxHeight=2992 isUserFullscreenOverrideEnabled=false isSystemFullscreenOverrideEnabled=false cameraCompatTaskInfo=CameraCompatTaskInfo { cameraCompatControlState=hidden freeformCameraCompatMode=inactive}}}, pipTask = null, remoteTransition = null, displayChange = null, flags = 0, debugId = 192 }
2025-05-23 07:23:19.600   608-843   OptProp                 system_server                        W  Cannot read opt property android.window.PROPERTY_COMPAT_ENABLE_FAKE_FOCUS
2025-05-23 07:23:19.601   608-641   ProcessStats            system_server                        W  Tracking association SourceState{3942880 com.google.android.gms/10144 BTop #16922} whose proc state 2 is better than process ProcessState{d6c6eb9 com.google.android.gms.unstable/10144 pkg=com.google.android.gms (sub)} proc state 14 (63 skipped)
2025-05-23 07:23:19.603   608-1511  CoreBackPreview         system_server                        D  Window{18fb521 u0 Toast}: Setting back callback OnBackInvokedCallbackInfo{mCallback=android.window.IOnBackInvokedCallback$Stub$Proxy@bc07434, mPriority=0, mIsAnimationCallback=false}
2025-05-23 07:23:19.607   409-409   BpBinder                surfaceflinger                       I  onLastStrongRef automatically unlinking death recipients: 
2025-05-23 07:23:19.614   608-1511  OptProp                 system_server                        W  Cannot read opt property android.window.PROPERTY_COMPAT_ALLOW_USER_ASPECT_RATIO_OVERRIDE
2025-05-23 07:23:19.614   608-1511  OptProp                 system_server                        W  Cannot read opt property android.window.PROPERTY_COMPAT_ALLOW_USER_ASPECT_RATIO_FULLSCREEN_OVERRIDE
2025-05-23 07:23:19.614   608-1511  OptProp                 system_server                        W  Cannot read opt property android.window.PROPERTY_COMPAT_ALLOW_ORIENTATION_OVERRIDE
2025-05-23 07:23:19.615   608-1511  OptProp                 system_server                        W  Cannot read opt property android.window.PROPERTY_COMPAT_ALLOW_MIN_ASPECT_RATIO_OVERRIDE
2025-05-23 07:23:19.615   608-1511  OptProp                 system_server                        W  Cannot read opt property android.window.PROPERTY_COMPAT_ALLOW_RESIZEABLE_ACTIVITY_OVERRIDES
2025-05-23 07:23:19.619   608-1511  ActivityTaskManager     system_server                        I  START u0 {act=com.google.android.gms.auth.GOOGLE_SIGN_IN pkg=com.google.android.gms cmp=com.google.android.gms/.auth.api.signin.ui.SignInActivity (has extras)} with LAUNCH_MULTIPLE from uid 10207 (BAL_ALLOW_VISIBLE_WINDOW) result code=0
2025-05-23 07:23:19.635   608-1511  CoreBackPreview         system_server                        D  Window{7dcf1e u0 com.example.fit5046assignment/com.google.android.gms.auth.api.signin.internal.SignInHubActivity}: Setting back callback OnBackInvokedCallbackInfo{mCallback=android.window.IOnBackInvokedCallback$Stub$Proxy@30a15cc, mPriority=0, mIsAnimationCallback=false}
2025-05-23 07:23:19.677   608-1383  OptProp                 system_server                        W  Cannot read opt property android.window.PROPERTY_COMPAT_ENABLE_FAKE_FOCUS
2025-05-23 07:23:19.700  6977-6977  ContentCaptureHelper    com.google.android.gms.ui            I  Setting logging level to OFF
2025-05-23 07:23:19.714  1855-2218  AssistantForeground     com....android.googlequicksearchbox  I  (REDACTED) Get launcher package: %s
2025-05-23 07:23:19.721   608-843   CoreBackPreview         system_server                        D  Window{a32d893 u0 com.google.android.gms/com.google.android.gms.auth.api.signin.ui.SignInActivity}: Setting back callback OnBackInvokedCallbackInfo{mCallback=android.window.IOnBackInvokedCallback$Stub$Proxy@c81b885, mPriority=0, mIsAnimationCallback=false}
2025-05-23 07:23:19.729  6977-7003  HWUI                    com.google.android.gms.ui            W  Failed to choose config with EGL_SWAP_BEHAVIOR_PRESERVED, retrying without...
2025-05-23 07:23:19.733  6977-7003  HWUI                    com.google.android.gms.ui            W  Failed to initialize 101010-2 format, error = EGL_SUCCESS
2025-05-23 07:23:19.748 10142-10218 Firestore               com.example.fit5046assignment        W  (25.1.4) [WriteStream]: (b5608fd) Stream closed with status: Status{code=PERMISSION_DENIED, description=Cloud Firestore API has not been used in project taskpro-9436a before or it is disabled. Enable it by visiting https://console.developers.google.com/apis/api/firestore.googleapis.com/overview?project=taskpro-9436a then retry. If you enabled this API recently, wait a few minutes for the action to propagate to our systems and retry., cause=null}.
2025-05-23 07:23:19.769  1237-1667  WindowManagerShell      com.android.systemui                 V  onTransitionReady(transaction=2611340121475)
2025-05-23 07:23:19.770  1237-1303  WindowManagerShell      com.android.systemui                 V  onTransitionReady (#192) android.os.BinderProxy@e2212b1: {id=192 t=OPEN f=0x0 trk=0 r=[0@Point(0, 0)] c=[{null m=OPEN f=TRANSLUCENT|FILLS_TASK leash=Surface(name=ActivityRecord{c9b07d2 u0 com.google.android.gms/.auth.api.signin.ui.SignInActivity)/@0xb97642b sb=Rect(0, 0 - 0, 0) eb=Rect(0, 0 - 1344, 2992) d=-1->0 r=-1->0:-1 bc=fffafafa component=com.google.android.gms/.auth.api.signin.ui.SignInActivity},{null m=OPEN f=TRANSLUCENT|FILLS_TASK leash=Surface(name=ActivityRecord{8a583a5 u0 com.example.fit5046assignment/com.google.android.gms.auth.api.signin.internal.SignInHubActivity)/@0x43cf088 sb=Rect(0, 0 - 0, 0) eb=Rect(0, 0 - 1344, 2992) d=-1->0 r=-1->0:-1 bc=fffafafa component=com.example.fit5046assignment/com.google.android.gms.auth.api.signin.internal.SignInHubActivity}]}
2025-05-23 07:23:19.770  1237-1303  WindowManagerShell      com.android.systemui                 V  Playing animation for (#192) android.os.BinderProxy@e2212b1@0
2025-05-23 07:23:19.770  1237-1303  WindowManagerShell      com.android.systemui                 V   try handler com.android.wm.shell.transition.DefaultMixedHandler@1f6e909
2025-05-23 07:23:19.770  1237-1303  WindowManagerShell      com.android.systemui                 V   try handler com.android.wm.shell.keyguard.KeyguardTransitionHandler@718270e
2025-05-23 07:23:19.770  1237-1303  WindowManagerShell      com.android.systemui                 V   try handler com.android.wm.shell.pip.PipTransition@403152f
2025-05-23 07:23:19.772  1237-1303  WindowManagerShell      com.android.systemui                 V   try handler com.android.wm.shell.activityembedding.ActivityEmbeddingController@71e873c
2025-05-23 07:23:19.772  1237-1303  WindowManagerShell      com.android.systemui                 V   try handler com.android.wm.shell.recents.RecentsTransitionHandler@99c0cc5
2025-05-23 07:23:19.772  1237-1303  ShellRecents            com.android.systemui                 V  RecentsTransitionHandler.startAnimation: no controller found
2025-05-23 07:23:19.772  1237-1303  WindowManagerShell      com.android.systemui                 V   try handler com.android.wm.shell.splitscreen.StageCoordinator@8b3a61a
2025-05-23 07:23:19.772  1237-1303  WindowManagerShell      com.android.systemui                 V   try handler com.android.wm.shell.transition.RemoteTransitionHandler@335d54b
2025-05-23 07:23:19.772  1237-1303  WindowManagerShell      com.android.systemui                 V  Transition doesn't have explicit remote, search filters for match for {id=192 t=OPEN f=0x0 trk=0 r=[0@Point(0, 0)] c=[{null m=OPEN f=TRANSLUCENT|FILLS_TASK leash=Surface(name=ActivityRecord{c9b07d2 u0 com.google.android.gms/.auth.api.signin.ui.SignInActivity)/@0xb97642b sb=Rect(0, 0 - 0, 0) eb=Rect(0, 0 - 1344, 2992) d=-1->0 r=-1->0:-1 bc=fffafafa component=com.google.android.gms/.auth.api.signin.ui.SignInActivity},{null m=OPEN f=TRANSLUCENT|FILLS_TASK leash=Surface(name=ActivityRecord{8a583a5 u0 com.example.fit5046assignment/com.google.android.gms.auth.api.signin.internal.SignInHubActivity)/@0x43cf088 sb=Rect(0, 0 - 0, 0) eb=Rect(0, 0 - 1344, 2992) d=-1->0 r=-1->0:-1 bc=fffafafa component=com.example.fit5046assignment/com.google.android.gms.auth.api.signin.internal.SignInHubActivity}]}
2025-05-23 07:23:19.773  1237-1303  WindowManagerShell      com.android.systemui                 V   Checking filter Pair{{types=[] flags=0x0] notFlags=0x0 checks=[{atype=undefined independent=true modes=[OPEN,TO_FRONT] flags=IN_TASK_WITH_EMBEDDED_ACTIVITY mustBeTask=false order=ANY topActivity=ComponentInfo{com.google.android.apps.nexuslauncher/com.google.android.apps.nexuslauncher.NexusLauncherActivity} launchCookie=null},{atype=undefined independent=true modes=[CLOSE,TO_BACK] flags=IN_TASK_WITH_EMBEDDED_ACTIVITY mustBeTask=false order=ANY topActivity=null launchCookie=null}]} RemoteTransition { remoteTransition = android.window.IRemoteTransition$Stub$Proxy@21a0ae4, appThread = android.app.IApplicationThread$Stub$Proxy@4c04b4d, debugName = OverlaySwipeBack }}
2025-05-23 07:23:19.773   608-638   ActivityTaskManager     system_server                        I  Displayed com.google.android.gms/.auth.api.signin.ui.SignInActivity for user 0: +173ms
2025-05-23 07:23:19.773   608-638   WindowManager           system_server                        V  Sent Transition (#192) createdAt=05-23 07:23:19.586 via request=TransitionRequestInfo { type = OPEN, triggerTask = TaskInfo{userId=0 taskId=13 displayId=0 isRunning=true baseIntent=Intent { act=android.intent.action.MAIN cat=[android.intent.category.LAUNCHER] flg=0x10200000 cmp=com.example.fit5046assignment/.MainActivity } baseActivity=ComponentInfo{com.example.fit5046assignment/com.example.fit5046assignment.MainActivity} topActivity=ComponentInfo{com.example.fit5046assignment/com.google.android.gms.auth.api.signin.internal.SignInHubActivity} origActivity=null realActivity=ComponentInfo{com.example.fit5046assignment/com.example.fit5046assignment.MainActivity} numActivities=2 lastActiveTime=5357759 supportsMultiWindow=true resizeMode=1 isResizeable=true minWidth=-1 minHeight=-1 defaultMinSize=220 token=WCT{RemoteToken{68f6c1f Task{b61338f #13 type=standard A=10207:com.example.fit5046assignment}}} topActivityType=1 pictureInPictureParams=null shouldDockBigOverlays=false launchIntoPipHostTaskId=-1 lastParentTaskIdBeforePip=-1 displayCutoutSafeInsets=null topActivityInfo=ActivityInfo{eaa5801 com.google.android.gms.auth.api.signin.internal.SignInHubActivity} launchCookies=[android.os.BinderProxy@5581535] positionInParent=Point(0, 0) parentTaskId=-1 isFocused=true isVisible=true isVisibleRequested=true isSleeping=false locusId=null displayAreaFeatureId=1 isTopActivityTransparent=true appCompatTaskInfo=AppCompatTaskInfo { topActivityInSizeCompat=false topActivityEligibleForLetterboxEducation= falseisLetterboxEducationEnabled= true isLetterboxDoubleTapEnabled= false topActivityEligibleForUserAspectRatioButton= false topActivityBoundsLetterboxed= false isFromLetterboxDoubleTap= false topActivityLetterboxVerticalPosition= -1 topActivityLetterboxHorizontalPosition= -1 topActivityLetterboxWidth=1344 topActivityLetterboxHeight=2992 isUserFullscreenOverrideEnabled=false isSystemFullscreenOverrideEnabled=false cameraCompatTaskInfo=CameraCompatTaskInfo { cameraCompatControlState=hidden freeformCameraCompatMode=inactive}}}, pipTask = null, remoteTransition = null, displayChange = null, flags = 0, debugId = 192 }
2025-05-23 07:23:19.773   608-638   WindowManager           system_server                        V      startWCT=WindowContainerTransaction { changes = {} hops = [] errorCallbackToken=null taskFragmentOrganizer=null }
2025-05-23 07:23:19.773   608-638   WindowManager           system_server                        V      info={id=192 t=OPEN f=0x0 trk=0 r=[0@Point(0, 0)] c=[
                                                                                                            {null m=OPEN f=TRANSLUCENT|FILLS_TASK leash=Surface(name=ActivityRecord{c9b07d2 u0 com.google.android.gms/.auth.api.signin.ui.SignInActivity)/@0xc3ac70b sb=Rect(0, 0 - 0, 0) eb=Rect(0, 0 - 1344, 2992) d=-1->0 r=-1->0:-1 bc=fffafafa component=com.google.android.gms/.auth.api.signin.ui.SignInActivity},
                                                                                                            {null m=OPEN f=TRANSLUCENT|FILLS_TASK leash=Surface(name=ActivityRecord{8a583a5 u0 com.example.fit5046assignment/com.google.android.gms.auth.api.signin.internal.SignInHubActivity)/@0x55246da sb=Rect(0, 0 - 0, 0) eb=Rect(0, 0 - 1344, 2992) d=-1->0 r=-1->0:-1 bc=fffafafa component=com.example.fit5046assignment/com.google.android.gms.auth.api.signin.internal.SignInHubActivity}
                                                                                                        ]}
2025-05-23 07:23:19.778  1237-1303  WindowManagerShell      com.android.systemui                 V   Checking filter Pair{{types=[] flags=0x0] notFlags=0x0 checks=[{atype=dream independent=true modes=[OPEN,TO_FRONT] flags=NONE mustBeTask=false order=ANY topActivity=null launchCookie=null},{atype=home independent=true modes=[CLOSE,TO_BACK] flags=NONE mustBeTask=false order=ANY topActivity=null launchCookie=null}]} RemoteTransition { remoteTransition = android.window.IRemoteTransition$Stub$Proxy@75fb602, appThread = android.app.IApplicationThread$Stub$Proxy@4c14b13, debugName = LauncherToDream }}
2025-05-23 07:23:19.778  1237-1303  WindowManagerShell      com.android.systemui                 V   Checking filter Pair{{types=[] flags=0x0] notFlags=0x100 checks=[{atype=home independent=true modes=[OPEN,TO_FRONT] flags=NONE mustBeTask=false order=TOP topActivity=ComponentInfo{com.google.android.apps.nexuslauncher/com.google.android.apps.nexuslauncher.NexusLauncherActivity} launchCookie=null},{atype=standard independent=true modes=[CLOSE,TO_BACK] flags=NONE mustBeTask=false order=ANY topActivity=null launchCookie=null}]} RemoteTransition { remoteTransition = android.window.IRemoteTransition$Stub$Proxy@edef150, appThread = android.app.IApplicationThread$Stub$Proxy@6534f49, debugName = QuickstepLaunchHome }}
2025-05-23 07:23:19.778  1237-1303  WindowManagerShell      com.android.systemui                 V   Delegate animation for (#192) to null
2025-05-23 07:23:19.778  1237-1303  WindowManagerShell      com.android.systemui                 V   try handler com.android.wm.shell.transition.DefaultTransitionHandler@7eadb28
2025-05-23 07:23:19.778  1237-1303  WindowManagerShell      com.android.systemui                 V  start default transition animation, info = {id=192 t=OPEN f=0x0 trk=0 r=[0@Point(0, 0)] c=[{null m=OPEN f=TRANSLUCENT|FILLS_TASK leash=Surface(name=ActivityRecord{c9b07d2 u0 com.google.android.gms/.auth.api.signin.ui.SignInActivity)/@0xb97642b sb=Rect(0, 0 - 0, 0) eb=Rect(0, 0 - 1344, 2992) d=-1->0 r=-1->0:-1 bc=fffafafa component=com.google.android.gms/.auth.api.signin.ui.SignInActivity},{null m=OPEN f=TRANSLUCENT|FILLS_TASK leash=Surface(name=ActivityRecord{8a583a5 u0 com.example.fit5046assignment/com.google.android.gms.auth.api.signin.internal.SignInHubActivity)/@0x43cf088 sb=Rect(0, 0 - 0, 0) eb=Rect(0, 0 - 1344, 2992) d=-1->0 r=-1->0:-1 bc=fffafafa component=com.example.fit5046assignment/com.google.android.gms.auth.api.signin.internal.SignInHubActivity}]}
2025-05-23 07:23:19.778  1237-1303  WindowManagerShell      com.android.systemui                 V  loadAnimation: anim=null animAttr=0x4 type=OPEN isEntrance=true
2025-05-23 07:23:19.778  1237-1303  WindowManagerShell      com.android.systemui                 V  loadAnimation: anim=null animAttr=0x4 type=OPEN isEntrance=true
2025-05-23 07:23:19.785  1237-1303  WindowManagerShell      com.android.systemui                 V  Transition animation finished (aborted=false), notifying core (#192) android.os.BinderProxy@e2212b1@0
2025-05-23 07:23:19.786   608-638   WindowManager           system_server                        V  Finish Transition (#192): created at 05-23 07:23:19.586 collect-started=0.153ms request-sent=3.869ms started=8.42ms ready=98.311ms sent=177.661ms finished=200.154ms
2025-05-23 07:23:19.787   608-1383  UserManagerService      system_server                        W  Requested status bar icon for non-badged user 0
2025-05-23 07:23:19.788  1237-1303  WindowManagerShell      com.android.systemui                 V  Track 0 became idle
2025-05-23 07:23:19.788  1237-1303  WindowManagerShell      com.android.systemui                 V  All active transition animations finished
2025-05-23 07:23:19.788  1237-1303  WindowManagerShell      com.android.systemui                 V   animated by com.android.wm.shell.transition.DefaultTransitionHandler@7eadb28
2025-05-23 07:23:19.788  1237-1303  WindowManagerShell      com.android.systemui                 V  Track 0 became idle
2025-05-23 07:23:19.788  1237-1303  WindowManagerShell      com.android.systemui                 V  All active transition animations finished
2025-05-23 07:23:19.789   608-843   UserManagerService      system_server                        W  Requested status bar icon for non-badged user 0
2025-05-23 07:23:19.795   608-1383  UserManagerService      system_server                        W  Requested status bar icon for non-badged user 0
2025-05-23 07:23:19.801   608-896   ImeTracker              system_server                        I  com.google.android.gms:f9a37cb7: onRequestHide at ORIGIN_SERVER reason HIDE_UNSPECIFIED_WINDOW fromUser false
2025-05-23 07:23:19.801   608-896   ImeTracker              system_server                        I  com.google.android.gms:f9a37cb7: onCancelled at PHASE_SERVER_SHOULD_HIDE
2025-05-23 07:23:19.806  5960-5960  GoogleInpu...hodService com...gle.android.inputmethod.latin  I  GoogleInputMethodService.onFinishInput():3157 
2025-05-23 07:23:19.812  5960-5960  GoogleInpu...hodService com...gle.android.inputmethod.latin  I  GoogleInputMethodService.updateDeviceLockedStatus():2248 repeatCheckTimes = 0, locked = false
2025-05-23 07:23:19.814  5960-5960  GoogleInpu...hodService com...gle.android.inputmethod.latin  I  GoogleInputMethodService.onStartInput():1986 onStartInput(EditorInfo{EditorInfo{packageName=com.google.android.gms, inputType=0, inputTypeString=NULL, enableLearning=false, autoCorrection=false, autoComplete=false, imeOptions=0, privateImeOptions=null, actionName=UNSPECIFIED, actionLabel=null, initialSelStart=-1, initialSelEnd=-1, initialCapsMode=0, label=null, fieldId=0, fieldName=null, extras=null, hintText=null, hintLocales=[]}}, false)
2025-05-23 07:23:19.815  5960-5960  GoogleInpu...hodService com...gle.android.inputmethod.latin  I  GoogleInputMethodService.updateDeviceLockedStatus():2248 repeatCheckTimes = 1, locked = false
2025-05-23 07:23:19.815  5960-5960  AndroidIME              com...gle.android.inputmethod.latin  I  InputBundleManager.loadActiveInputBundleId():450 loadActiveInputBundleId: und-Latn-x-password, password
2025-05-23 07:23:19.818   608-1511  PackageConfigPersister  system_server                        W  App-specific configuration not found for packageName: com.google.android.gms and userId: 0
2025-05-23 07:23:19.821  5757-7318  GoogleSignatureVerifier com.google.android.gms               I  package info is not set correctly
2025-05-23 07:23:19.849  1237-1303  WindowManagerShell      com.android.systemui                 V  Transition requested (#193): android.os.BinderProxy@9261807 TransitionRequestInfo { type = CLOSE, triggerTask = null, pipTask = null, remoteTransition = null, displayChange = null, flags = 0, debugId = 193 }
2025-05-23 07:23:19.856  1237-1921  WindowManagerShell      com.android.systemui                 V  onTransitionReady(transaction=2611340121493)
2025-05-23 07:23:19.856  1237-1303  WindowManagerShell      com.android.systemui                 V  onTransitionReady (#193) android.os.BinderProxy@9261807: {id=193 t=CLOSE f=0x0 trk=0 r=[0@Point(0, 0)] c=[{null m=CLOSE f=TRANSLUCENT|FILLS_TASK leash=Surface(name=ActivityRecord{c9b07d2 u0 com.google.android.gms/.auth.api.signin.ui.SignInActivity)/@0xcf48d34 sb=Rect(0, 0 - 1344, 2992) eb=Rect(0, 0 - 1344, 2992) d=0 bc=fffafafa component=com.google.android.gms/.auth.api.signin.ui.SignInActivity}]}
2025-05-23 07:23:19.856   608-638   WindowManager           system_server                        V  Sent Transition (#193) createdAt=05-23 07:23:19.848 via request=TransitionRequestInfo { type = CLOSE, triggerTask = null, pipTask = null, remoteTransition = null, displayChange = null, flags = 0, debugId = 193 }
2025-05-23 07:23:19.856   608-638   WindowManager           system_server                        V      startWCT=WindowContainerTransaction { changes = {} hops = [] errorCallbackToken=null taskFragmentOrganizer=null }
2025-05-23 07:23:19.856   608-638   WindowManager           system_server                        V      info={id=193 t=CLOSE f=0x0 trk=0 r=[0@Point(0, 0)] c=[
                                                                                                            {null m=CLOSE f=TRANSLUCENT|FILLS_TASK leash=Surface(name=ActivityRecord{c9b07d2 u0 com.google.android.gms/.auth.api.signin.ui.SignInActivity)/@0xc3ac70b sb=Rect(0, 0 - 1344, 2992) eb=Rect(0, 0 - 1344, 2992) d=0 bc=fffafafa component=com.google.android.gms/.auth.api.signin.ui.SignInActivity}
                                                                                                        ]}
2025-05-23 07:23:19.857   409-409   BpBinder                surfaceflinger                       I  onLastStrongRef automatically unlinking death recipients: 
2025-05-23 07:23:19.859  1237-1303  WindowManagerShell      com.android.systemui                 V  Playing animation for (#193) android.os.BinderProxy@9261807@0
2025-05-23 07:23:19.859  1237-1303  WindowManagerShell      com.android.systemui                 V   try handler com.android.wm.shell.transition.DefaultMixedHandler@1f6e909
2025-05-23 07:23:19.859  1237-1303  WindowManagerShell      com.android.systemui                 V   try handler com.android.wm.shell.keyguard.KeyguardTransitionHandler@718270e
2025-05-23 07:23:19.859  1237-1303  WindowManagerShell      com.android.systemui                 V   try handler com.android.wm.shell.pip.PipTransition@403152f
2025-05-23 07:23:19.859  1237-1303  WindowManagerShell      com.android.systemui                 V   try handler com.android.wm.shell.activityembedding.ActivityEmbeddingController@71e873c
2025-05-23 07:23:19.859  1237-1303  WindowManagerShell      com.android.systemui                 V   try handler com.android.wm.shell.recents.RecentsTransitionHandler@99c0cc5
2025-05-23 07:23:19.859  1237-1303  ShellRecents            com.android.systemui                 V  RecentsTransitionHandler.startAnimation: no controller found
2025-05-23 07:23:19.859  1237-1303  WindowManagerShell      com.android.systemui                 V   try handler com.android.wm.shell.splitscreen.StageCoordinator@8b3a61a
2025-05-23 07:23:19.860  1237-1303  WindowManagerShell      com.android.systemui                 V   try handler com.android.wm.shell.transition.RemoteTransitionHandler@335d54b
2025-05-23 07:23:19.860  1237-1303  WindowManagerShell      com.android.systemui                 V  Transition doesn't have explicit remote, search filters for match for {id=193 t=CLOSE f=0x0 trk=0 r=[0@Point(0, 0)] c=[{null m=CLOSE f=TRANSLUCENT|FILLS_TASK leash=Surface(name=ActivityRecord{c9b07d2 u0 com.google.android.gms/.auth.api.signin.ui.SignInActivity)/@0xcf48d34 sb=Rect(0, 0 - 1344, 2992) eb=Rect(0, 0 - 1344, 2992) d=0 bc=fffafafa component=com.google.android.gms/.auth.api.signin.ui.SignInActivity}]}
2025-05-23 07:23:19.860  1237-1303  WindowManagerShell      com.android.systemui                 V   Checking filter Pair{{types=[] flags=0x0] notFlags=0x0 checks=[{atype=undefined independent=true modes=[OPEN,TO_FRONT] flags=IN_TASK_WITH_EMBEDDED_ACTIVITY mustBeTask=false order=ANY topActivity=ComponentInfo{com.google.android.apps.nexuslauncher/com.google.android.apps.nexuslauncher.NexusLauncherActivity} launchCookie=null},{atype=undefined independent=true modes=[CLOSE,TO_BACK] flags=IN_TASK_WITH_EMBEDDED_ACTIVITY mustBeTask=false order=ANY topActivity=null launchCookie=null}]} RemoteTransition { remoteTransition = android.window.IRemoteTransition$Stub$Proxy@21a0ae4, appThread = android.app.IApplicationThread$Stub$Proxy@4c04b4d, debugName = OverlaySwipeBack }}
2025-05-23 07:23:19.860  1237-1303  WindowManagerShell      com.android.systemui                 V   Checking filter Pair{{types=[] flags=0x0] notFlags=0x0 checks=[{atype=dream independent=true modes=[OPEN,TO_FRONT] flags=NONE mustBeTask=false order=ANY topActivity=null launchCookie=null},{atype=home independent=true modes=[CLOSE,TO_BACK] flags=NONE mustBeTask=false order=ANY topActivity=null launchCookie=null}]} RemoteTransition { remoteTransition = android.window.IRemoteTransition$Stub$Proxy@75fb602, appThread = android.app.IApplicationThread$Stub$Proxy@4c14b13, debugName = LauncherToDream }}
2025-05-23 07:23:19.860  1237-1303  WindowManagerShell      com.android.systemui                 V   Checking filter Pair{{types=[] flags=0x0] notFlags=0x100 checks=[{atype=home independent=true modes=[OPEN,TO_FRONT] flags=NONE mustBeTask=false order=TOP topActivity=ComponentInfo{com.google.android.apps.nexuslauncher/com.google.android.apps.nexuslauncher.NexusLauncherActivity} launchCookie=null},{atype=standard independent=true modes=[CLOSE,TO_BACK] flags=NONE mustBeTask=false order=ANY topActivity=null launchCookie=null}]} RemoteTransition { remoteTransition = android.window.IRemoteTransition$Stub$Proxy@edef150, appThread = android.app.IApplicationThread$Stub$Proxy@6534f49, debugName = QuickstepLaunchHome }}
2025-05-23 07:23:19.860  1237-1303  WindowManagerShell      com.android.systemui                 V   Delegate animation for (#193) to null
2025-05-23 07:23:19.860  1237-1303  WindowManagerShell      com.android.systemui                 V   try handler com.android.wm.shell.transition.DefaultTransitionHandler@7eadb28
2025-05-23 07:23:19.860  1237-1303  WindowManagerShell      com.android.systemui                 V  start default transition animation, info = {id=193 t=CLOSE f=0x0 trk=0 r=[0@Point(0, 0)] c=[{null m=CLOSE f=TRANSLUCENT|FILLS_TASK leash=Surface(name=ActivityRecord{c9b07d2 u0 com.google.android.gms/.auth.api.signin.ui.SignInActivity)/@0xcf48d34 sb=Rect(0, 0 - 1344, 2992) eb=Rect(0, 0 - 1344, 2992) d=0 bc=fffafafa component=com.google.android.gms/.auth.api.signin.ui.SignInActivity}]}
2025-05-23 07:23:19.860  1237-1303  WindowManagerShell      com.android.systemui                 V  loadAnimation: anim=null animAttr=0x7 type=CLOSE isEntrance=false
2025-05-23 07:23:19.861  1237-1303  WindowManagerShell      com.android.systemui                 V  Transition animation finished (aborted=false), notifying core (#193) android.os.BinderProxy@9261807@0
2025-05-23 07:23:19.864  6977-6977  VRI[SignInActivity]     com.google.android.gms.ui            D  visibilityChanged oldVisibility=true newVisibility=false
2025-05-23 07:23:19.866   608-638   WindowManager           system_server                        V  Finish Transition (#193): created at 05-23 07:23:19.848 collect-started=0.035ms request-sent=0.177ms started=2.458ms ready=6.47ms sent=7.358ms finished=15.06ms
2025-05-23 07:23:19.866  1237-1303  WindowManagerShell      com.android.systemui                 V  Track 0 became idle
2025-05-23 07:23:19.866  1237-1303  WindowManagerShell      com.android.systemui                 V  All active transition animations finished
2025-05-23 07:23:19.866  1237-1303  WindowManagerShell      com.android.systemui                 V   animated by com.android.wm.shell.transition.DefaultTransitionHandler@7eadb28
2025-05-23 07:23:19.866  1237-1303  WindowManagerShell      com.android.systemui                 V  Track 0 became idle
2025-05-23 07:23:19.866  1237-1303  WindowManagerShell      com.android.systemui                 V  All active transition animations finished
2025-05-23 07:23:19.866  1237-1303  WindowManagerShell      com.android.systemui                 V  Transition requested (#194): android.os.BinderProxy@a022da3 TransitionRequestInfo { type = CLOSE, triggerTask = null, pipTask = null, remoteTransition = null, displayChange = null, flags = 0, debugId = 194 }
2025-05-23 07:23:19.874   409-409   BpBinder                surfaceflinger                       I  onLastStrongRef automatically unlinking death recipients: 
2025-05-23 07:23:19.875  1509-1976  EGL_emulation           com...le.android.apps.nexuslauncher  D  app_time_stats: avg=338.78ms min=9.26ms max=3880.34ms count=12
2025-05-23 07:23:19.899  1237-2599  WindowManagerShell      com.android.systemui                 V  onTransitionReady(transaction=2611340121507)
2025-05-23 07:23:19.900   608-1383  UserManagerService      system_server                        W  Requested status bar icon for non-badged user 0
2025-05-23 07:23:19.900   608-638   WindowManager           system_server                        V  Sent Transition (#194) createdAt=05-23 07:23:19.859 via request=TransitionRequestInfo { type = CLOSE, triggerTask = null, pipTask = null, remoteTransition = null, displayChange = null, flags = 0, debugId = 194 }
2025-05-23 07:23:19.900   608-638   WindowManager           system_server                        V      startWCT=WindowContainerTransaction { changes = {} hops = [] errorCallbackToken=null taskFragmentOrganizer=null }
2025-05-23 07:23:19.900   608-638   WindowManager           system_server                        V      info={id=194 t=CLOSE f=0x0 trk=1 opt={t=FROM_STYLE} r=[0@Point(0, 0)] c=[
                                                                                                            {null m=CLOSE f=TRANSLUCENT|FILLS_TASK leash=Surface(name=ActivityRecord{8a583a5 u0 com.example.fit5046assignment/com.google.android.gms.auth.api.signin.internal.SignInHubActivity)/@0x55246da sb=Rect(0, 0 - 1344, 2992) eb=Rect(0, 0 - 1344, 2992) d=0 bc=fffafafa component=com.example.fit5046assignment/com.google.android.gms.auth.api.signin.internal.SignInHubActivity}
                                                                                                        ]}
2025-05-23 07:23:19.901 10142-10142 GoogleSignIn            com.example.fit5046assignment        D  Google sign in succeeded
2025-05-23 07:23:19.903  1237-1303  WindowManagerShell      com.android.systemui                 V  onTransitionReady (#194) android.os.BinderProxy@a022da3: {id=194 t=CLOSE f=0x0 trk=1 opt={t=FROM_STYLE} r=[0@Point(0, 0)] c=[{null m=CLOSE f=TRANSLUCENT|FILLS_TASK leash=Surface(name=ActivityRecord{8a583a5 u0 com.example.fit5046assignment/com.google.android.gms.auth.api.signin.internal.SignInHubActivity)/@0xbe748a0 sb=Rect(0, 0 - 1344, 2992) eb=Rect(0, 0 - 1344, 2992) d=0 bc=fffafafa component=com.example.fit5046assignment/com.google.android.gms.auth.api.signin.internal.SignInHubActivity}]}
2025-05-23 07:23:19.903  1237-1303  WindowManagerShell      com.android.systemui                 V  Playing animation for (#194) android.os.BinderProxy@a022da3@1
2025-05-23 07:23:19.903  1237-1303  WindowManagerShell      com.android.systemui                 V   try handler com.android.wm.shell.transition.DefaultMixedHandler@1f6e909
2025-05-23 07:23:19.903  1237-1303  WindowManagerShell      com.android.systemui                 V   try handler com.android.wm.shell.keyguard.KeyguardTransitionHandler@718270e
2025-05-23 07:23:19.903  1237-1303  WindowManagerShell      com.android.systemui                 V   try handler com.android.wm.shell.pip.PipTransition@403152f
2025-05-23 07:23:19.903  1237-1303  WindowManagerShell      com.android.systemui                 V   try handler com.android.wm.shell.activityembedding.ActivityEmbeddingController@71e873c
2025-05-23 07:23:19.903  1237-1303  WindowManagerShell      com.android.systemui                 V   try handler com.android.wm.shell.recents.RecentsTransitionHandler@99c0cc5
2025-05-23 07:23:19.903  1237-1303  ShellRecents            com.android.systemui                 V  RecentsTransitionHandler.startAnimation: no controller found
2025-05-23 07:23:19.903  1237-1303  WindowManagerShell      com.android.systemui                 V   try handler com.android.wm.shell.splitscreen.StageCoordinator@8b3a61a
2025-05-23 07:23:19.903  1237-1303  WindowManagerShell      com.android.systemui                 V   try handler com.android.wm.shell.transition.RemoteTransitionHandler@335d54b
2025-05-23 07:23:19.904  1237-1303  WindowManagerShell      com.android.systemui                 V  Transition doesn't have explicit remote, search filters for match for {id=194 t=CLOSE f=0x0 trk=1 opt={t=FROM_STYLE} r=[0@Point(0, 0)] c=[{null m=CLOSE f=TRANSLUCENT|FILLS_TASK leash=Surface(name=ActivityRecord{8a583a5 u0 com.example.fit5046assignment/com.google.android.gms.auth.api.signin.internal.SignInHubActivity)/@0xbe748a0 sb=Rect(0, 0 - 1344, 2992) eb=Rect(0, 0 - 1344, 2992) d=0 bc=fffafafa component=com.example.fit5046assignment/com.google.android.gms.auth.api.signin.internal.SignInHubActivity}]}
2025-05-23 07:23:19.905   608-1383  UserManagerService      system_server                        W  Requested status bar icon for non-badged user 0
2025-05-23 07:23:19.906  1237-1303  WindowManagerShell      com.android.systemui                 V   Checking filter Pair{{types=[] flags=0x0] notFlags=0x0 checks=[{atype=undefined independent=true modes=[OPEN,TO_FRONT] flags=IN_TASK_WITH_EMBEDDED_ACTIVITY mustBeTask=false order=ANY topActivity=ComponentInfo{com.google.android.apps.nexuslauncher/com.google.android.apps.nexuslauncher.NexusLauncherActivity} launchCookie=null},{atype=undefined independent=true modes=[CLOSE,TO_BACK] flags=IN_TASK_WITH_EMBEDDED_ACTIVITY mustBeTask=false order=ANY topActivity=null launchCookie=null}]} RemoteTransition { remoteTransition = android.window.IRemoteTransition$Stub$Proxy@21a0ae4, appThread = android.app.IApplicationThread$Stub$Proxy@4c04b4d, debugName = OverlaySwipeBack }}
2025-05-23 07:23:19.906  1237-1303  WindowManagerShell      com.android.systemui                 V   Checking filter Pair{{types=[] flags=0x0] notFlags=0x0 checks=[{atype=dream independent=true modes=[OPEN,TO_FRONT] flags=NONE mustBeTask=false order=ANY topActivity=null launchCookie=null},{atype=home independent=true modes=[CLOSE,TO_BACK] flags=NONE mustBeTask=false order=ANY topActivity=null launchCookie=null}]} RemoteTransition { remoteTransition = android.window.IRemoteTransition$Stub$Proxy@75fb602, appThread = android.app.IApplicationThread$Stub$Proxy@4c14b13, debugName = LauncherToDream }}
2025-05-23 07:23:19.906  1237-1303  WindowManagerShell      com.android.systemui                 V   Checking filter Pair{{types=[] flags=0x0] notFlags=0x100 checks=[{atype=home independent=true modes=[OPEN,TO_FRONT] flags=NONE mustBeTask=false order=TOP topActivity=ComponentInfo{com.google.android.apps.nexuslauncher/com.google.android.apps.nexuslauncher.NexusLauncherActivity} launchCookie=null},{atype=standard independent=true modes=[CLOSE,TO_BACK] flags=NONE mustBeTask=false order=ANY topActivity=null launchCookie=null}]} RemoteTransition { remoteTransition = android.window.IRemoteTransition$Stub$Proxy@edef150, appThread = android.app.IApplicationThread$Stub$Proxy@6534f49, debugName = QuickstepLaunchHome }}
2025-05-23 07:23:19.906  1237-1303  WindowManagerShell      com.android.systemui                 V   Delegate animation for (#194) to null
2025-05-23 07:23:19.906  1237-1303  WindowManagerShell      com.android.systemui                 V   try handler com.android.wm.shell.transition.DefaultTransitionHandler@7eadb28
2025-05-23 07:23:19.906  1237-1303  WindowManagerShell      com.android.systemui                 V  start default transition animation, info = {id=194 t=CLOSE f=0x0 trk=1 opt={t=FROM_STYLE} r=[0@Point(0, 0)] c=[{null m=CLOSE f=TRANSLUCENT|FILLS_TASK leash=Surface(name=ActivityRecord{8a583a5 u0 com.example.fit5046assignment/com.google.android.gms.auth.api.signin.internal.SignInHubActivity)/@0xbe748a0 sb=Rect(0, 0 - 1344, 2992) eb=Rect(0, 0 - 1344, 2992) d=0 bc=fffafafa component=com.example.fit5046assignment/com.google.android.gms.auth.api.signin.internal.SignInHubActivity}]}
2025-05-23 07:23:19.906  1237-1303  WindowManagerShell      com.android.systemui                 V  loadAnimation: anim=null animAttr=0x7 type=CLOSE isEntrance=false
2025-05-23 07:23:19.907  1237-1303  WindowManagerShell      com.android.systemui                 V  Transition animation finished (aborted=false), notifying core (#194) android.os.BinderProxy@a022da3@1
2025-05-23 07:23:19.907 10142-10212 System                  com.example.fit5046assignment        W  Ignoring header X-Firebase-Locale because its value was null.
2025-05-23 07:23:19.911  1237-1303  WindowManagerShell      com.android.systemui                 V  Track 1 became idle
2025-05-23 07:23:19.911  1237-1303  WindowManagerShell      com.android.systemui                 V  All active transition animations finished
2025-05-23 07:23:19.911  1237-1303  WindowManagerShell      com.android.systemui                 V   animated by com.android.wm.shell.transition.DefaultTransitionHandler@7eadb28
2025-05-23 07:23:19.911  1237-1303  WindowManagerShell      com.android.systemui                 V  Track 1 became idle
2025-05-23 07:23:19.911  1237-1303  WindowManagerShell      com.android.systemui                 V  All active transition animations finished
2025-05-23 07:23:19.912   608-638   WindowManager           system_server                        V  Finish Transition (#194): created at 05-23 07:23:19.859 collect-started=0.026ms request-sent=0.831ms started=6.859ms ready=34.823ms sent=38.654ms finished=50.371ms
2025-05-23 07:23:19.921 10142-10142 VRI[SignInHubActivity]  com.example.fit5046assignment        D  visibilityChanged oldVisibility=true newVisibility=false
2025-05-23 07:23:19.922  6977-6977  WindowOnBackDispatcher  com.google.android.gms.ui            W  sendCancelIfRunning: isInProgress=false callback=android.view.ViewRootImpl$$ExternalSyntheticLambda11@e2dd598
2025-05-23 07:23:19.923   608-2396  CoreBackPreview         system_server                        D  Window{a32d893 u0 com.google.android.gms/com.google.android.gms.auth.api.signin.ui.SignInActivity}: Setting back callback null
2025-05-23 07:23:19.932   608-2578  InputManager-JNI        system_server                        W  Input channel object 'a32d893 com.google.android.gms/com.google.android.gms.auth.api.signin.ui.SignInActivity (client)' was disposed without first being removed with the input manager!
2025-05-23 07:23:19.950   608-2578  UserManagerService      system_server                        W  Requested status bar icon for non-badged user 0
2025-05-23 07:23:19.951   608-2578  UserManagerService      system_server                        W  Requested status bar icon for non-badged user 0
2025-05-23 07:23:19.954  1855-2218  AssistantForeground     com....android.googlequicksearchbox  I  (REDACTED) Get launcher package: %s
2025-05-23 07:23:19.960 10142-10142 WindowOnBackDispatcher  com.example.fit5046assignment        W  sendCancelIfRunning: isInProgress=false callback=android.view.ViewRootImpl$$ExternalSyntheticLambda11@85c1866
2025-05-23 07:23:19.961   608-2498  CoreBackPreview         system_server                        D  Window{7dcf1e u0 com.example.fit5046assignment/com.google.android.gms.auth.api.signin.internal.SignInHubActivity}: Setting back callback null
2025-05-23 07:23:19.986   608-2498  InputManager-JNI        system_server                        W  Input channel object '7dcf1e com.example.fit5046assignment/com.google.android.gms.auth.api.signin.internal.SignInHubActivity (client)' was disposed without first being removed with the input manager!
2025-05-23 07:23:19.992   608-896   ImeTracker              system_server                        I  com.example.fit5046assignment:8dfb903a: onRequestHide at ORIGIN_SERVER reason HIDE_UNSPECIFIED_WINDOW fromUser false
2025-05-23 07:23:19.998   608-896   ImeTracker              system_server                        I  com.example.fit5046assignment:8dfb903a: onCancelled at PHASE_SERVER_SHOULD_HIDE
2025-05-23 07:23:20.003  5960-5960  GoogleInpu...hodService com...gle.android.inputmethod.latin  I  GoogleInputMethodService.onFinishInput():3157 
2025-05-23 07:23:20.006  5960-5960  GoogleInpu...hodService com...gle.android.inputmethod.latin  I  GoogleInputMethodService.updateDeviceLockedStatus():2248 repeatCheckTimes = 0, locked = false
2025-05-23 07:23:20.006  5960-5960  GoogleInpu...hodService com...gle.android.inputmethod.latin  I  GoogleInputMethodService.onStartInput():1986 onStartInput(EditorInfo{EditorInfo{packageName=com.example.fit5046assignment, inputType=0, inputTypeString=NULL, enableLearning=false, autoCorrection=false, autoComplete=false, imeOptions=0, privateImeOptions=null, actionName=UNSPECIFIED, actionLabel=null, initialSelStart=-1, initialSelEnd=-1, initialCapsMode=0, label=null, fieldId=0, fieldName=null, extras=null, hintText=null, hintLocales=[]}}, false)
2025-05-23 07:23:20.009  5960-5960  GoogleInpu...hodService com...gle.android.inputmethod.latin  I  GoogleInputMethodService.updateDeviceLockedStatus():2248 repeatCheckTimes = 1, locked = false
2025-05-23 07:23:20.009  5960-5960  AndroidIME              com...gle.android.inputmethod.latin  I  InputBundleManager.loadActiveInputBundleId():450 loadActiveInputBundleId: und-Latn-x-password, password
2025-05-23 07:23:20.010   608-2578  PackageConfigPersister  system_server                        W  App-specific configuration not found for packageName: com.example.fit5046assignment and userId: 0
2025-05-23 07:23:20.296 10142-10212 System                  com.example.fit5046assignment        W  Ignoring header X-Firebase-Locale because its value was null.
2025-05-23 07:23:20.621 10142-10212 FirebaseAuth            com.example.fit5046assignment        D  Notifying id token listeners about user ( owMNOkbP3TgLeaH9tNmmk3yBgIJ2 ).
2025-05-23 07:23:20.686 10142-10218 Firestore               com.example.fit5046assignment        W  (25.1.4) [WriteStream]: (b5608fd) Stream closed with status: Status{code=PERMISSION_DENIED, description=Cloud Firestore API has not been used in project taskpro-9436a before or it is disabled. Enable it by visiting https://console.developers.google.com/apis/api/firestore.googleapis.com/overview?project=taskpro-9436a then retry. If you enabled this API recently, wait a few minutes for the action to propagate to our systems and retry., cause=null}.
2025-05-23 07:23:20.735 10142-10218 Firestore               com.example.fit5046assignment        W  (25.1.4) [WriteStream]: (b5608fd) Stream closed with status: Status{code=PERMISSION_DENIED, description=Cloud Firestore API has not been used in project taskpro-9436a before or it is disabled. Enable it by visiting https://console.developers.google.com/apis/api/firestore.googleapis.com/overview?project=taskpro-9436a then retry. If you enabled this API recently, wait a few minutes for the action to propagate to our systems and retry., cause=null}.
2025-05-23 07:23:21.649 10142-10218 Firestore               com.example.fit5046assignment        W  (25.1.4) [WriteStream]: (b5608fd) Stream closed with status: Status{code=PERMISSION_DENIED, description=Cloud Firestore API has not been used in project taskpro-9436a before or it is disabled. Enable it by visiting https://console.developers.google.com/apis/api/firestore.googleapis.com/overview?project=taskpro-9436a then retry. If you enabled this API recently, wait a few minutes for the action to propagate to our systems and retry., cause=null}.
2025-05-23 07:23:21.947  1237-1394  EGL_emulation           com.android.systemui                 D  app_time_stats: avg=116.23ms min=2.48ms max=1964.24ms count=19
