2025-05-23 07:23:08.092   608-843   ProcessStats            system_server                        W  Tracking association SourceState{3942880 com.google.android.gms/10144 BTop #16892} whose proc state 2 is better than process ProcessState{d6c6eb9 com.google.android.gms.unstable/10144 pkg=com.google.android.gms (sub)} proc state 14 (64 skipped)
2025-05-23 07:23:08.559 10142-10218 Firestore               com.example.fit5046assignment        W  (25.1.4) [WriteStream]: (b5608fd) Stream closed with status: Status{code=PERMISSION_DENIED, description=Cloud Firestore API has not been used in project taskpro-9436a before or it is disabled. Enable it by visiting https://console.developers.google.com/apis/api/firestore.googleapis.com/overview?project=taskpro-9436a then retry. If you enabled this API recently, wait a few minutes for the action to propagate to our systems and retry., cause=null}.
2025-05-23 07:23:14.595 10142-10218 Firestore               com.example.fit5046assignment        W  (25.1.4) [WriteStream]: (b5608fd) Stream closed with status: Status{code=PERMISSION_DENIED, description=Cloud Firestore API has not been used in project taskpro-9436a before or it is disabled. Enable it by visiting https://console.developers.google.com/apis/api/firestore.googleapis.com/overview?project=taskpro-9436a then retry. If you enabled this API recently, wait a few minutes for the action to propagate to our systems and retry., cause=null}.
2025-05-23 07:23:15.005 10142-10160 EGL_emulation           com.example.fit5046assignment        D  app_time_stats: avg=1970.12ms min=7.00ms max=17606.83ms count=9
2025-05-23 07:23:15.098   608-843   OptProp                 system_server                        W  Cannot read opt property android.window.PROPERTY_COMPAT_ALLOW_USER_ASPECT_RATIO_OVERRIDE
2025-05-23 07:23:15.098   608-843   OptProp                 system_server                        W  Cannot read opt property android.window.PROPERTY_COMPAT_ALLOW_USER_ASPECT_RATIO_FULLSCREEN_OVERRIDE
2025-05-23 07:23:15.098   608-843   OptProp                 system_server                        W  Cannot read opt property android.window.PROPERTY_COMPAT_ALLOW_ORIENTATION_OVERRIDE
2025-05-23 07:23:15.100   608-843   Grammatica...ctionUtils system_server                        V  AttributionSource: android.content.AttributionSource@4a61caf3 does not have READ_SYSTEM_GRAMMATICAL_GENDER permission.
2025-05-23 07:23:15.100   608-843   OptProp                 system_server                        W  Cannot read opt property android.window.PROPERTY_COMPAT_ALLOW_RESIZEABLE_ACTIVITY_OVERRIDES
2025-05-23 07:23:15.100   608-843   OptProp                 system_server                        W  Cannot read opt property android.window.PROPERTY_COMPAT_ALLOW_MIN_ASPECT_RATIO_OVERRIDE
2025-05-23 07:23:15.115   608-843   ActivityTaskManager     system_server                        I  START u0 {act=com.google.android.gms.auth.GOOGLE_SIGN_IN pkg=com.example.fit5046assignment cmp=com.example.fit5046assignment/com.google.android.gms.auth.api.signin.internal.SignInHubActivity (has extras)} with LAUNCH_MULTIPLE from uid 10207 (BAL_ALLOW_VISIBLE_WINDOW) result code=0
2025-05-23 07:23:15.118  1237-1303  WindowManagerShell      com.android.systemui                 V  Transition requested (#189): android.os.BinderProxy@1634c74 TransitionRequestInfo { type = OPEN, triggerTask = TaskInfo{userId=0 taskId=13 displayId=0 isRunning=true baseIntent=Intent { act=android.intent.action.MAIN cat=[android.intent.category.LAUNCHER] flg=0x10200000 cmp=com.example.fit5046assignment/.MainActivity } baseActivity=ComponentInfo{com.example.fit5046assignment/com.example.fit5046assignment.MainActivity} topActivity=ComponentInfo{com.example.fit5046assignment/com.google.android.gms.auth.api.signin.internal.SignInHubActivity} origActivity=null realActivity=ComponentInfo{com.example.fit5046assignment/com.example.fit5046assignment.MainActivity} numActivities=2 lastActiveTime=5353279 supportsMultiWindow=true resizeMode=1 isResizeable=true minWidth=-1 minHeight=-1 defaultMinSize=220 token=WCT{android.window.IWindowContainerToken$Stub$Proxy@e4b159d} topActivityType=1 pictureInPictureParams=null shouldDockBigOverlays=false launchIntoPipHostTaskId=-1 lastParentTaskIdBeforePip=-1 displayCutoutSafeInsets=null topActivityInfo=ActivityInfo{afc3a12 com.google.android.gms.auth.api.signin.internal.SignInHubActivity} launchCookies=[android.os.BinderProxy@1eaee58] positionInParent=Point(0, 0) parentTaskId=-1 isFocused=true isVisible=true isVisibleRequested=true isSleeping=false locusId=null displayAreaFeatureId=1 isTopActivityTransparent=true appCompatTaskInfo=AppCompatTaskInfo { topActivityInSizeCompat=false topActivityEligibleForLetterboxEducation= falseisLetterboxEducationEnabled= true isLetterboxDoubleTapEnabled= false topActivityEligibleForUserAspectRatioButton= false topActivityBoundsLetterboxed= false isFromLetterboxDoubleTap= false topActivityLetterboxVerticalPosition= -1 topActivityLetterboxHorizontalPosition= -1 topActivityLetterboxWidth=1344 topActivityLetterboxHeight=2992 isUserFullscreenOverrideEnabled=false isSystemFullscreenOverrideEnabled=false cameraCompatTaskInfo=CameraCompatTaskInfo { cameraCompatControlState=hidden freeformCameraCompatMode=inactive}}}, pipTask = null, remoteTransition = null, displayChange = null, flags = 0, debugId = 189 }
2025-05-23 07:23:15.138   608-1511  OptProp                 system_server                        W  Cannot read opt property android.window.PROPERTY_COMPAT_ENABLE_FAKE_FOCUS
2025-05-23 07:23:15.141   409-409   BpBinder                surfaceflinger                       I  onLastStrongRef automatically unlinking death recipients: 
2025-05-23 07:23:15.151   608-843   CoreBackPreview         system_server                        D  Window{9a93167 u0 Toast}: Setting back callback OnBackInvokedCallbackInfo{mCallback=android.window.IOnBackInvokedCallback$Stub$Proxy@b36b9b2, mPriority=0, mIsAnimationCallback=false}
2025-05-23 07:23:15.200   608-2578  OptProp                 system_server                        W  Cannot read opt property android.window.PROPERTY_COMPAT_ALLOW_USER_ASPECT_RATIO_OVERRIDE
2025-05-23 07:23:15.200   608-2578  OptProp                 system_server                        W  Cannot read opt property android.window.PROPERTY_COMPAT_ALLOW_USER_ASPECT_RATIO_FULLSCREEN_OVERRIDE
2025-05-23 07:23:15.200   608-2578  OptProp                 system_server                        W  Cannot read opt property android.window.PROPERTY_COMPAT_ALLOW_ORIENTATION_OVERRIDE
2025-05-23 07:23:15.205   608-2578  OptProp                 system_server                        W  Cannot read opt property android.window.PROPERTY_COMPAT_ALLOW_MIN_ASPECT_RATIO_OVERRIDE
2025-05-23 07:23:15.206   608-2578  OptProp                 system_server                        W  Cannot read opt property android.window.PROPERTY_COMPAT_ALLOW_RESIZEABLE_ACTIVITY_OVERRIDES
2025-05-23 07:23:15.215   608-2578  ActivityTaskManager     system_server                        I  START u0 {act=com.google.android.gms.auth.GOOGLE_SIGN_IN pkg=com.google.android.gms cmp=com.google.android.gms/.auth.api.signin.ui.SignInActivity (has extras)} with LAUNCH_MULTIPLE from uid 10207 (BAL_ALLOW_VISIBLE_WINDOW) result code=0
2025-05-23 07:23:15.257  5757-5757  BoundBrokerSvc          com.google.android.gms               D  onBind: Intent { act=com.google.android.gms.measurement.START pkg=com.google.android.gms }
2025-05-23 07:23:15.258  5757-5757  BoundBrokerSvc          com.google.android.gms               D  Loading bound service for intent: Intent { act=com.google.android.gms.measurement.START pkg=com.google.android.gms }
2025-05-23 07:23:15.276   608-2578  CoreBackPreview         system_server                        D  Window{bd7897b u0 com.example.fit5046assignment/com.google.android.gms.auth.api.signin.internal.SignInHubActivity}: Setting back callback OnBackInvokedCallbackInfo{mCallback=android.window.IOnBackInvokedCallback$Stub$Proxy@dcd77f1, mPriority=0, mIsAnimationCallback=false}
2025-05-23 07:23:15.319   608-843   OptProp                 system_server                        W  Cannot read opt property android.window.PROPERTY_COMPAT_ENABLE_FAKE_FOCUS
2025-05-23 07:23:15.320   608-843   IPCThreadState          system_server                        W  Sending oneway calls to frozen process.
2025-05-23 07:23:15.324   608-843   ActivityManager         system_server                        D  quick sync unfreeze 6977 for 1
2025-05-23 07:23:15.361   608-641   ActivityManager         system_server                        D  sync unfroze 6977 com.google.android.gms.ui for 1
2025-05-23 07:23:15.466  5757-10183 AdvertisingIdClient     com.google.android.gms               D  AdvertisingIdClient already created.
2025-05-23 07:23:15.473  1855-2218  AssistantForeground     com....android.googlequicksearchbox  I  (REDACTED) Get launcher package: %s
2025-05-23 07:23:15.473  5757-10183 AdvertisingIdClient     com.google.android.gms               I  shouldSendLog -1
2025-05-23 07:23:15.477  5757-10183 AdvertisingIdClient     com.google.android.gms               I  GetInfoInternal elapse 6ms
2025-05-23 07:23:15.500  5757-5757  AdvertisingIdClient     com.google.android.gms               I  getting error as 17: API: ClientTelemetry.API is not available on this device. Connection failed with: ConnectionResult{statusCode=API_DISABLED, resolution=null, message=null}
2025-05-23 07:23:15.564  6977-6977  ContentCaptureHelper    com.google.android.gms.ui            I  Setting logging level to OFF
2025-05-23 07:23:15.585   608-2578  CoreBackPreview         system_server                        D  Window{7beb2c8 u0 com.google.android.gms/com.google.android.gms.auth.api.signin.ui.SignInActivity}: Setting back callback OnBackInvokedCallbackInfo{mCallback=android.window.IOnBackInvokedCallback$Stub$Proxy@5703374, mPriority=0, mIsAnimationCallback=false}
2025-05-23 07:23:15.613  6977-7003  HWUI                    com.google.android.gms.ui            W  Failed to choose config with EGL_SWAP_BEHAVIOR_PRESERVED, retrying without...
2025-05-23 07:23:15.613  6977-7003  HWUI                    com.google.android.gms.ui            W  Failed to initialize 101010-2 format, error = EGL_SUCCESS
2025-05-23 07:23:15.635   608-638   ActivityTaskManager     system_server                        I  Displayed com.google.android.gms/.auth.api.signin.ui.SignInActivity for user 0: +538ms
2025-05-23 07:23:15.636   608-638   WindowManager           system_server                        V  Sent Transition (#189) createdAt=05-23 07:23:15.101 via request=TransitionRequestInfo { type = OPEN, triggerTask = TaskInfo{userId=0 taskId=13 displayId=0 isRunning=true baseIntent=Intent { act=android.intent.action.MAIN cat=[android.intent.category.LAUNCHER] flg=0x10200000 cmp=com.example.fit5046assignment/.MainActivity } baseActivity=ComponentInfo{com.example.fit5046assignment/com.example.fit5046assignment.MainActivity} topActivity=ComponentInfo{com.example.fit5046assignment/com.google.android.gms.auth.api.signin.internal.SignInHubActivity} origActivity=null realActivity=ComponentInfo{com.example.fit5046assignment/com.example.fit5046assignment.MainActivity} numActivities=2 lastActiveTime=5353279 supportsMultiWindow=true resizeMode=1 isResizeable=true minWidth=-1 minHeight=-1 defaultMinSize=220 token=WCT{RemoteToken{68f6c1f Task{b61338f #13 type=standard A=10207:com.example.fit5046assignment}}} topActivityType=1 pictureInPictureParams=null shouldDockBigOverlays=false launchIntoPipHostTaskId=-1 lastParentTaskIdBeforePip=-1 displayCutoutSafeInsets=null topActivityInfo=ActivityInfo{48a7d0c com.google.android.gms.auth.api.signin.internal.SignInHubActivity} launchCookies=[android.os.BinderProxy@5581535] positionInParent=Point(0, 0) parentTaskId=-1 isFocused=true isVisible=true isVisibleRequested=true isSleeping=false locusId=null displayAreaFeatureId=1 isTopActivityTransparent=true appCompatTaskInfo=AppCompatTaskInfo { topActivityInSizeCompat=false topActivityEligibleForLetterboxEducation= falseisLetterboxEducationEnabled= true isLetterboxDoubleTapEnabled= false topActivityEligibleForUserAspectRatioButton= false topActivityBoundsLetterboxed= false isFromLetterboxDoubleTap= false topActivityLetterboxVerticalPosition= -1 topActivityLetterboxHorizontalPosition= -1 topActivityLetterboxWidth=1344 topActivityLetterboxHeight=2992 isUserFullscreenOverrideEnabled=false isSystemFullscreenOverrideEnabled=false cameraCompatTaskInfo=CameraCompatTaskInfo { cameraCompatControlState=hidden freeformCameraCompatMode=inactive}}}, pipTask = null, remoteTransition = null, displayChange = null, flags = 0, debugId = 189 }
2025-05-23 07:23:15.636   608-638   WindowManager           system_server                        V      startWCT=WindowContainerTransaction { changes = {} hops = [] errorCallbackToken=null taskFragmentOrganizer=null }
2025-05-23 07:23:15.636   608-638   WindowManager           system_server                        V      info={id=189 t=OPEN f=0x0 trk=0 r=[0@Point(0, 0)] c=[
                                                                                                            {null m=OPEN f=TRANSLUCENT|FILLS_TASK leash=Surface(name=ActivityRecord{fa75480 u0 com.google.android.gms/.auth.api.signin.ui.SignInActivity)/@0x16d945e sb=Rect(0, 0 - 0, 0) eb=Rect(0, 0 - 1344, 2992) d=-1->0 r=-1->0:-1 bc=fffafafa component=com.google.android.gms/.auth.api.signin.ui.SignInActivity},
                                                                                                            {null m=OPEN f=TRANSLUCENT|FILLS_TASK leash=Surface(name=ActivityRecord{d49a78b u0 com.example.fit5046assignment/com.google.android.gms.auth.api.signin.internal.SignInHubActivity)/@0xfd37999 sb=Rect(0, 0 - 0, 0) eb=Rect(0, 0 - 1344, 2992) d=-1->0 r=-1->0:-1 bc=fffafafa component=com.example.fit5046assignment/com.google.android.gms.auth.api.signin.internal.SignInHubActivity}
                                                                                                        ]}
2025-05-23 07:23:15.636  1237-1385  WindowManagerShell      com.android.systemui                 V  onTransitionReady(transaction=2611340121397)
2025-05-23 07:23:15.637  1237-1303  WindowManagerShell      com.android.systemui                 V  onTransitionReady (#189) android.os.BinderProxy@1634c74: {id=189 t=OPEN f=0x0 trk=0 r=[0@Point(0, 0)] c=[{null m=OPEN f=TRANSLUCENT|FILLS_TASK leash=Surface(name=ActivityRecord{fa75480 u0 com.google.android.gms/.auth.api.signin.ui.SignInActivity)/@0x924ae5b sb=Rect(0, 0 - 0, 0) eb=Rect(0, 0 - 1344, 2992) d=-1->0 r=-1->0:-1 bc=fffafafa component=com.google.android.gms/.auth.api.signin.ui.SignInActivity},{null m=OPEN f=TRANSLUCENT|FILLS_TASK leash=Surface(name=ActivityRecord{d49a78b u0 com.example.fit5046assignment/com.google.android.gms.auth.api.signin.internal.SignInHubActivity)/@0x72026f8 sb=Rect(0, 0 - 0, 0) eb=Rect(0, 0 - 1344, 2992) d=-1->0 r=-1->0:-1 bc=fffafafa component=com.example.fit5046assignment/com.google.android.gms.auth.api.signin.internal.SignInHubActivity}]}
2025-05-23 07:23:15.637  5757-7318  GoogleSignatureVerifier com.google.android.gms               I  package info is not set correctly
2025-05-23 07:23:15.637  1237-1303  WindowManagerShell      com.android.systemui                 V  Playing animation for (#189) android.os.BinderProxy@1634c74@0
2025-05-23 07:23:15.638  1237-1303  WindowManagerShell      com.android.systemui                 V   try handler com.android.wm.shell.transition.DefaultMixedHandler@1f6e909
2025-05-23 07:23:15.638  1237-1303  WindowManagerShell      com.android.systemui                 V   try handler com.android.wm.shell.keyguard.KeyguardTransitionHandler@718270e
2025-05-23 07:23:15.639  1237-1303  WindowManagerShell      com.android.systemui                 V   try handler com.android.wm.shell.pip.PipTransition@403152f
2025-05-23 07:23:15.644  1237-1303  WindowManagerShell      com.android.systemui                 V   try handler com.android.wm.shell.activityembedding.ActivityEmbeddingController@71e873c
2025-05-23 07:23:15.651  1237-1303  WindowManagerShell      com.android.systemui                 V   try handler com.android.wm.shell.recents.RecentsTransitionHandler@99c0cc5
2025-05-23 07:23:15.651  1237-1303  ShellRecents            com.android.systemui                 V  RecentsTransitionHandler.startAnimation: no controller found
2025-05-23 07:23:15.651  1237-1303  WindowManagerShell      com.android.systemui                 V   try handler com.android.wm.shell.splitscreen.StageCoordinator@8b3a61a
2025-05-23 07:23:15.651  1237-1303  WindowManagerShell      com.android.systemui                 V   try handler com.android.wm.shell.transition.RemoteTransitionHandler@335d54b
2025-05-23 07:23:15.651  1237-1303  WindowManagerShell      com.android.systemui                 V  Transition doesn't have explicit remote, search filters for match for {id=189 t=OPEN f=0x0 trk=0 r=[0@Point(0, 0)] c=[{null m=OPEN f=TRANSLUCENT|FILLS_TASK leash=Surface(name=ActivityRecord{fa75480 u0 com.google.android.gms/.auth.api.signin.ui.SignInActivity)/@0x924ae5b sb=Rect(0, 0 - 0, 0) eb=Rect(0, 0 - 1344, 2992) d=-1->0 r=-1->0:-1 bc=fffafafa component=com.google.android.gms/.auth.api.signin.ui.SignInActivity},{null m=OPEN f=TRANSLUCENT|FILLS_TASK leash=Surface(name=ActivityRecord{d49a78b u0 com.example.fit5046assignment/com.google.android.gms.auth.api.signin.internal.SignInHubActivity)/@0x72026f8 sb=Rect(0, 0 - 0, 0) eb=Rect(0, 0 - 1344, 2992) d=-1->0 r=-1->0:-1 bc=fffafafa component=com.example.fit5046assignment/com.google.android.gms.auth.api.signin.internal.SignInHubActivity}]}
2025-05-23 07:23:15.652  1237-1303  WindowManagerShell      com.android.systemui                 V   Checking filter Pair{{types=[] flags=0x0] notFlags=0x0 checks=[{atype=undefined independent=true modes=[OPEN,TO_FRONT] flags=IN_TASK_WITH_EMBEDDED_ACTIVITY mustBeTask=false order=ANY topActivity=ComponentInfo{com.google.android.apps.nexuslauncher/com.google.android.apps.nexuslauncher.NexusLauncherActivity} launchCookie=null},{atype=undefined independent=true modes=[CLOSE,TO_BACK] flags=IN_TASK_WITH_EMBEDDED_ACTIVITY mustBeTask=false order=ANY topActivity=null launchCookie=null}]} RemoteTransition { remoteTransition = android.window.IRemoteTransition$Stub$Proxy@21a0ae4, appThread = android.app.IApplicationThread$Stub$Proxy@4c04b4d, debugName = OverlaySwipeBack }}
2025-05-23 07:23:15.652  1237-1303  WindowManagerShell      com.android.systemui                 V   Checking filter Pair{{types=[] flags=0x0] notFlags=0x0 checks=[{atype=dream independent=true modes=[OPEN,TO_FRONT] flags=NONE mustBeTask=false order=ANY topActivity=null launchCookie=null},{atype=home independent=true modes=[CLOSE,TO_BACK] flags=NONE mustBeTask=false order=ANY topActivity=null launchCookie=null}]} RemoteTransition { remoteTransition = android.window.IRemoteTransition$Stub$Proxy@75fb602, appThread = android.app.IApplicationThread$Stub$Proxy@4c14b13, debugName = LauncherToDream }}
2025-05-23 07:23:15.652  1237-1303  WindowManagerShell      com.android.systemui                 V   Checking filter Pair{{types=[] flags=0x0] notFlags=0x100 checks=[{atype=home independent=true modes=[OPEN,TO_FRONT] flags=NONE mustBeTask=false order=TOP topActivity=ComponentInfo{com.google.android.apps.nexuslauncher/com.google.android.apps.nexuslauncher.NexusLauncherActivity} launchCookie=null},{atype=standard independent=true modes=[CLOSE,TO_BACK] flags=NONE mustBeTask=false order=ANY topActivity=null launchCookie=null}]} RemoteTransition { remoteTransition = android.window.IRemoteTransition$Stub$Proxy@edef150, appThread = android.app.IApplicationThread$Stub$Proxy@6534f49, debugName = QuickstepLaunchHome }}
2025-05-23 07:23:15.652  1237-1303  WindowManagerShell      com.android.systemui                 V   Delegate animation for (#189) to null
2025-05-23 07:23:15.652  1237-1303  WindowManagerShell      com.android.systemui                 V   try handler com.android.wm.shell.transition.DefaultTransitionHandler@7eadb28
2025-05-23 07:23:15.653  1237-1303  WindowManagerShell      com.android.systemui                 V  start default transition animation, info = {id=189 t=OPEN f=0x0 trk=0 r=[0@Point(0, 0)] c=[{null m=OPEN f=TRANSLUCENT|FILLS_TASK leash=Surface(name=ActivityRecord{fa75480 u0 com.google.android.gms/.auth.api.signin.ui.SignInActivity)/@0x924ae5b sb=Rect(0, 0 - 0, 0) eb=Rect(0, 0 - 1344, 2992) d=-1->0 r=-1->0:-1 bc=fffafafa component=com.google.android.gms/.auth.api.signin.ui.SignInActivity},{null m=OPEN f=TRANSLUCENT|FILLS_TASK leash=Surface(name=ActivityRecord{d49a78b u0 com.example.fit5046assignment/com.google.android.gms.auth.api.signin.internal.SignInHubActivity)/@0x72026f8 sb=Rect(0, 0 - 0, 0) eb=Rect(0, 0 - 1344, 2992) d=-1->0 r=-1->0:-1 bc=fffafafa component=com.example.fit5046assignment/com.google.android.gms.auth.api.signin.internal.SignInHubActivity}]}
2025-05-23 07:23:15.655  1237-1303  WindowManagerShell      com.android.systemui                 V  loadAnimation: anim=null animAttr=0x4 type=OPEN isEntrance=true
2025-05-23 07:23:15.655  1237-1303  WindowManagerShell      com.android.systemui                 V  loadAnimation: anim=null animAttr=0x4 type=OPEN isEntrance=true
2025-05-23 07:23:15.658   608-2396  UserManagerService      system_server                        W  Requested status bar icon for non-badged user 0
2025-05-23 07:23:15.659  1237-1303  WindowManagerShell      com.android.systemui                 V  Transition animation finished (aborted=false), notifying core (#189) android.os.BinderProxy@1634c74@0
2025-05-23 07:23:15.662   608-638   WindowManager           system_server                        V  Finish Transition (#189): created at 05-23 07:23:15.101 collect-started=0.191ms request-sent=10.133ms started=21.603ms ready=240.715ms sent=531.955ms finished=559.821ms
2025-05-23 07:23:15.663  1237-1303  WindowManagerShell      com.android.systemui                 V  Track 0 became idle
2025-05-23 07:23:15.663  1237-1303  WindowManagerShell      com.android.systemui                 V  All active transition animations finished
2025-05-23 07:23:15.663  1237-1303  WindowManagerShell      com.android.systemui                 V   animated by com.android.wm.shell.transition.DefaultTransitionHandler@7eadb28
2025-05-23 07:23:15.663  1237-1303  WindowManagerShell      com.android.systemui                 V  Track 0 became idle
2025-05-23 07:23:15.663  1237-1303  WindowManagerShell      com.android.systemui                 V  All active transition animations finished
2025-05-23 07:23:15.664   608-2396  UserManagerService      system_server                        W  Requested status bar icon for non-badged user 0
2025-05-23 07:23:15.665   608-2396  UserManagerService      system_server                        W  Requested status bar icon for non-badged user 0
2025-05-23 07:23:15.682   608-896   ImeTracker              system_server                        I  com.google.android.gms:873dbc56: onRequestHide at ORIGIN_SERVER reason HIDE_UNSPECIFIED_WINDOW fromUser false
2025-05-23 07:23:15.682   608-896   ImeTracker              system_server                        I  com.google.android.gms:873dbc56: onCancelled at PHASE_SERVER_SHOULD_HIDE
2025-05-23 07:23:15.689  5960-5960  GoogleInpu...hodService com...gle.android.inputmethod.latin  I  GoogleInputMethodService.onFinishInput():3157 
2025-05-23 07:23:15.701  5960-5960  GoogleInpu...hodService com...gle.android.inputmethod.latin  I  GoogleInputMethodService.updateDeviceLockedStatus():2248 repeatCheckTimes = 0, locked = false
2025-05-23 07:23:15.704  1237-1303  WindowManagerShell      com.android.systemui                 V  Transition requested (#190): android.os.BinderProxy@475d537 TransitionRequestInfo { type = CLOSE, triggerTask = null, pipTask = null, remoteTransition = null, displayChange = null, flags = 0, debugId = 190 }
2025-05-23 07:23:15.705  5960-5960  GoogleInpu...hodService com...gle.android.inputmethod.latin  I  GoogleInputMethodService.onStartInput():1986 onStartInput(EditorInfo{EditorInfo{packageName=com.google.android.gms, inputType=0, inputTypeString=NULL, enableLearning=false, autoCorrection=false, autoComplete=false, imeOptions=0, privateImeOptions=null, actionName=UNSPECIFIED, actionLabel=null, initialSelStart=-1, initialSelEnd=-1, initialCapsMode=0, label=null, fieldId=0, fieldName=null, extras=null, hintText=null, hintLocales=[]}}, false)
2025-05-23 07:23:15.705  5960-5960  GoogleInpu...hodService com...gle.android.inputmethod.latin  I  GoogleInputMethodService.updateDeviceLockedStatus():2248 repeatCheckTimes = 1, locked = false
2025-05-23 07:23:15.709  5960-5960  AndroidIME              com...gle.android.inputmethod.latin  I  InputBundleManager.loadActiveInputBundleId():450 loadActiveInputBundleId: und-Latn-x-password, password
2025-05-23 07:23:15.710   608-843   PackageConfigPersister  system_server                        W  App-specific configuration not found for packageName: com.google.android.gms and userId: 0
2025-05-23 07:23:15.722  1237-1921  WindowManagerShell      com.android.systemui                 V  onTransitionReady(transaction=2611340121414)
2025-05-23 07:23:15.722   608-638   WindowManager           system_server                        V  Sent Transition (#190) createdAt=05-23 07:23:15.701 via request=TransitionRequestInfo { type = CLOSE, triggerTask = null, pipTask = null, remoteTransition = null, displayChange = null, flags = 0, debugId = 190 }
2025-05-23 07:23:15.723   608-638   WindowManager           system_server                        V      startWCT=WindowContainerTransaction { changes = {} hops = [] errorCallbackToken=null taskFragmentOrganizer=null }
2025-05-23 07:23:15.723   608-638   WindowManager           system_server                        V      info={id=190 t=CLOSE f=0x0 trk=0 r=[0@Point(0, 0)] c=[
                                                                                                            {null m=CLOSE f=TRANSLUCENT|FILLS_TASK leash=Surface(name=ActivityRecord{fa75480 u0 com.google.android.gms/.auth.api.signin.ui.SignInActivity)/@0x16d945e sb=Rect(0, 0 - 1344, 2992) eb=Rect(0, 0 - 1344, 2992) d=0 bc=fffafafa component=com.google.android.gms/.auth.api.signin.ui.SignInActivity}
                                                                                                        ]}
2025-05-23 07:23:15.723  1237-1303  WindowManagerShell      com.android.systemui                 V  onTransitionReady (#190) android.os.BinderProxy@475d537: {id=190 t=CLOSE f=0x0 trk=0 r=[0@Point(0, 0)] c=[{null m=CLOSE f=TRANSLUCENT|FILLS_TASK leash=Surface(name=ActivityRecord{fa75480 u0 com.google.android.gms/.auth.api.signin.ui.SignInActivity)/@0xcacbaa4 sb=Rect(0, 0 - 1344, 2992) eb=Rect(0, 0 - 1344, 2992) d=0 bc=fffafafa component=com.google.android.gms/.auth.api.signin.ui.SignInActivity}]}
2025-05-23 07:23:15.723  1237-1303  WindowManagerShell      com.android.systemui                 V  Playing animation for (#190) android.os.BinderProxy@475d537@0
2025-05-23 07:23:15.723  1237-1303  WindowManagerShell      com.android.systemui                 V   try handler com.android.wm.shell.transition.DefaultMixedHandler@1f6e909
2025-05-23 07:23:15.723  1237-1303  WindowManagerShell      com.android.systemui                 V   try handler com.android.wm.shell.keyguard.KeyguardTransitionHandler@718270e
2025-05-23 07:23:15.723  1237-1303  WindowManagerShell      com.android.systemui                 V   try handler com.android.wm.shell.pip.PipTransition@403152f
2025-05-23 07:23:15.723  1237-1303  WindowManagerShell      com.android.systemui                 V   try handler com.android.wm.shell.activityembedding.ActivityEmbeddingController@71e873c
2025-05-23 07:23:15.723  1237-1303  WindowManagerShell      com.android.systemui                 V   try handler com.android.wm.shell.recents.RecentsTransitionHandler@99c0cc5
2025-05-23 07:23:15.723  1237-1303  ShellRecents            com.android.systemui                 V  RecentsTransitionHandler.startAnimation: no controller found
2025-05-23 07:23:15.723  1237-1303  WindowManagerShell      com.android.systemui                 V   try handler com.android.wm.shell.splitscreen.StageCoordinator@8b3a61a
2025-05-23 07:23:15.723  1237-1303  WindowManagerShell      com.android.systemui                 V   try handler com.android.wm.shell.transition.RemoteTransitionHandler@335d54b
2025-05-23 07:23:15.723  1237-1303  WindowManagerShell      com.android.systemui                 V  Transition doesn't have explicit remote, search filters for match for {id=190 t=CLOSE f=0x0 trk=0 r=[0@Point(0, 0)] c=[{null m=CLOSE f=TRANSLUCENT|FILLS_TASK leash=Surface(name=ActivityRecord{fa75480 u0 com.google.android.gms/.auth.api.signin.ui.SignInActivity)/@0xcacbaa4 sb=Rect(0, 0 - 1344, 2992) eb=Rect(0, 0 - 1344, 2992) d=0 bc=fffafafa component=com.google.android.gms/.auth.api.signin.ui.SignInActivity}]}
2025-05-23 07:23:15.723  1237-1303  WindowManagerShell      com.android.systemui                 V   Checking filter Pair{{types=[] flags=0x0] notFlags=0x0 checks=[{atype=undefined independent=true modes=[OPEN,TO_FRONT] flags=IN_TASK_WITH_EMBEDDED_ACTIVITY mustBeTask=false order=ANY topActivity=ComponentInfo{com.google.android.apps.nexuslauncher/com.google.android.apps.nexuslauncher.NexusLauncherActivity} launchCookie=null},{atype=undefined independent=true modes=[CLOSE,TO_BACK] flags=IN_TASK_WITH_EMBEDDED_ACTIVITY mustBeTask=false order=ANY topActivity=null launchCookie=null}]} RemoteTransition { remoteTransition = android.window.IRemoteTransition$Stub$Proxy@21a0ae4, appThread = android.app.IApplicationThread$Stub$Proxy@4c04b4d, debugName = OverlaySwipeBack }}
2025-05-23 07:23:15.723  1237-1303  WindowManagerShell      com.android.systemui                 V   Checking filter Pair{{types=[] flags=0x0] notFlags=0x0 checks=[{atype=dream independent=true modes=[OPEN,TO_FRONT] flags=NONE mustBeTask=false order=ANY topActivity=null launchCookie=null},{atype=home independent=true modes=[CLOSE,TO_BACK] flags=NONE mustBeTask=false order=ANY topActivity=null launchCookie=null}]} RemoteTransition { remoteTransition = android.window.IRemoteTransition$Stub$Proxy@75fb602, appThread = android.app.IApplicationThread$Stub$Proxy@4c14b13, debugName = LauncherToDream }}
2025-05-23 07:23:15.723  1237-1303  WindowManagerShell      com.android.systemui                 V   Checking filter Pair{{types=[] flags=0x0] notFlags=0x100 checks=[{atype=home independent=true modes=[OPEN,TO_FRONT] flags=NONE mustBeTask=false order=TOP topActivity=ComponentInfo{com.google.android.apps.nexuslauncher/com.google.android.apps.nexuslauncher.NexusLauncherActivity} launchCookie=null},{atype=standard independent=true modes=[CLOSE,TO_BACK] flags=NONE mustBeTask=false order=ANY topActivity=null launchCookie=null}]} RemoteTransition { remoteTransition = android.window.IRemoteTransition$Stub$Proxy@edef150, appThread = android.app.IApplicationThread$Stub$Proxy@6534f49, debugName = QuickstepLaunchHome }}
2025-05-23 07:23:15.723  1237-1303  WindowManagerShell      com.android.systemui                 V   Delegate animation for (#190) to null
2025-05-23 07:23:15.723  1237-1303  WindowManagerShell      com.android.systemui                 V   try handler com.android.wm.shell.transition.DefaultTransitionHandler@7eadb28
2025-05-23 07:23:15.723  1237-1303  WindowManagerShell      com.android.systemui                 V  start default transition animation, info = {id=190 t=CLOSE f=0x0 trk=0 r=[0@Point(0, 0)] c=[{null m=CLOSE f=TRANSLUCENT|FILLS_TASK leash=Surface(name=ActivityRecord{fa75480 u0 com.google.android.gms/.auth.api.signin.ui.SignInActivity)/@0xcacbaa4 sb=Rect(0, 0 - 1344, 2992) eb=Rect(0, 0 - 1344, 2992) d=0 bc=fffafafa component=com.google.android.gms/.auth.api.signin.ui.SignInActivity}]}
2025-05-23 07:23:15.723  1237-1303  WindowManagerShell      com.android.systemui                 V  loadAnimation: anim=null animAttr=0x7 type=CLOSE isEntrance=false
2025-05-23 07:23:15.724   409-409   BpBinder                surfaceflinger                       I  onLastStrongRef automatically unlinking death recipients: 
2025-05-23 07:23:15.729  1237-1303  WindowManagerShell      com.android.systemui                 V  Transition animation finished (aborted=false), notifying core (#190) android.os.BinderProxy@475d537@0
2025-05-23 07:23:15.733  6977-6977  VRI[SignInActivity]     com.google.android.gms.ui            D  visibilityChanged oldVisibility=true newVisibility=false
2025-05-23 07:23:15.733   608-638   WindowManager           system_server                        V  Finish Transition (#190): created at 05-23 07:23:15.701 collect-started=0.056ms request-sent=0.129ms started=5.723ms ready=16.574ms sent=20.546ms finished=30.302ms
2025-05-23 07:23:15.734  1237-1303  WindowManagerShell      com.android.systemui                 V  Track 0 became idle
2025-05-23 07:23:15.734  1237-1303  WindowManagerShell      com.android.systemui                 V  All active transition animations finished
2025-05-23 07:23:15.734  1237-1303  WindowManagerShell      com.android.systemui                 V   animated by com.android.wm.shell.transition.DefaultTransitionHandler@7eadb28
2025-05-23 07:23:15.734  1237-1303  WindowManagerShell      com.android.systemui                 V  Track 0 became idle
2025-05-23 07:23:15.734  1237-1303  WindowManagerShell      com.android.systemui                 V  All active transition animations finished
2025-05-23 07:23:15.734  1237-1303  WindowManagerShell      com.android.systemui                 V  Transition requested (#191): android.os.BinderProxy@8488dd3 TransitionRequestInfo { type = CLOSE, triggerTask = null, pipTask = null, remoteTransition = null, displayChange = null, flags = 0, debugId = 191 }
2025-05-23 07:23:15.737   608-2578  UserManagerService      system_server                        W  Requested status bar icon for non-badged user 0
2025-05-23 07:23:15.740   409-409   BpBinder                surfaceflinger                       I  onLastStrongRef automatically unlinking death recipients: 
2025-05-23 07:23:15.746  1237-1407  WindowManagerShell      com.android.systemui                 V  onTransitionReady(transaction=2611340121425)
2025-05-23 07:23:15.746 10142-10142 GoogleSignIn            com.example.fit5046assignment        D  Google sign in succeeded
2025-05-23 07:23:15.747   608-638   WindowManager           system_server                        V  Sent Transition (#191) createdAt=05-23 07:23:15.727 via request=TransitionRequestInfo { type = CLOSE, triggerTask = null, pipTask = null, remoteTransition = null, displayChange = null, flags = 0, debugId = 191 }
2025-05-23 07:23:15.747   608-638   WindowManager           system_server                        V      startWCT=WindowContainerTransaction { changes = {} hops = [] errorCallbackToken=null taskFragmentOrganizer=null }
2025-05-23 07:23:15.747   608-638   WindowManager           system_server                        V      info={id=191 t=CLOSE f=0x0 trk=1 opt={t=FROM_STYLE} r=[0@Point(0, 0)] c=[
                                                                                                            {null m=CLOSE f=TRANSLUCENT|FILLS_TASK leash=Surface(name=ActivityRecord{d49a78b u0 com.example.fit5046assignment/com.google.android.gms.auth.api.signin.internal.SignInHubActivity)/@0xfd37999 sb=Rect(0, 0 - 1344, 2992) eb=Rect(0, 0 - 1344, 2992) d=0 bc=fffafafa component=com.example.fit5046assignment/com.google.android.gms.auth.api.signin.internal.SignInHubActivity}
                                                                                                        ]}
2025-05-23 07:23:15.749  1237-1303  WindowManagerShell      com.android.systemui                 V  onTransitionReady (#191) android.os.BinderProxy@8488dd3: {id=191 t=CLOSE f=0x0 trk=1 opt={t=FROM_STYLE} r=[0@Point(0, 0)] c=[{null m=CLOSE f=TRANSLUCENT|FILLS_TASK leash=Surface(name=ActivityRecord{d49a78b u0 com.example.fit5046assignment/com.google.android.gms.auth.api.signin.internal.SignInHubActivity)/@0x64cdd10 sb=Rect(0, 0 - 1344, 2992) eb=Rect(0, 0 - 1344, 2992) d=0 bc=fffafafa component=com.example.fit5046assignment/com.google.android.gms.auth.api.signin.internal.SignInHubActivity}]}
2025-05-23 07:23:15.749  1237-1303  WindowManagerShell      com.android.systemui                 V  Playing animation for (#191) android.os.BinderProxy@8488dd3@1
2025-05-23 07:23:15.749  1237-1303  WindowManagerShell      com.android.systemui                 V   try handler com.android.wm.shell.transition.DefaultMixedHandler@1f6e909
2025-05-23 07:23:15.749  1237-1303  WindowManagerShell      com.android.systemui                 V   try handler com.android.wm.shell.keyguard.KeyguardTransitionHandler@718270e
2025-05-23 07:23:15.749  1237-1303  WindowManagerShell      com.android.systemui                 V   try handler com.android.wm.shell.pip.PipTransition@403152f
2025-05-23 07:23:15.749  1237-1303  WindowManagerShell      com.android.systemui                 V   try handler com.android.wm.shell.activityembedding.ActivityEmbeddingController@71e873c
2025-05-23 07:23:15.749  1237-1303  WindowManagerShell      com.android.systemui                 V   try handler com.android.wm.shell.recents.RecentsTransitionHandler@99c0cc5
2025-05-23 07:23:15.750  1237-1303  ShellRecents            com.android.systemui                 V  RecentsTransitionHandler.startAnimation: no controller found
2025-05-23 07:23:15.750  1237-1303  WindowManagerShell      com.android.systemui                 V   try handler com.android.wm.shell.splitscreen.StageCoordinator@8b3a61a
2025-05-23 07:23:15.750  1237-1303  WindowManagerShell      com.android.systemui                 V   try handler com.android.wm.shell.transition.RemoteTransitionHandler@335d54b
2025-05-23 07:23:15.750  1237-1303  WindowManagerShell      com.android.systemui                 V  Transition doesn't have explicit remote, search filters for match for {id=191 t=CLOSE f=0x0 trk=1 opt={t=FROM_STYLE} r=[0@Point(0, 0)] c=[{null m=CLOSE f=TRANSLUCENT|FILLS_TASK leash=Surface(name=ActivityRecord{d49a78b u0 com.example.fit5046assignment/com.google.android.gms.auth.api.signin.internal.SignInHubActivity)/@0x64cdd10 sb=Rect(0, 0 - 1344, 2992) eb=Rect(0, 0 - 1344, 2992) d=0 bc=fffafafa component=com.example.fit5046assignment/com.google.android.gms.auth.api.signin.internal.SignInHubActivity}]}
2025-05-23 07:23:15.750  1237-1303  WindowManagerShell      com.android.systemui                 V   Checking filter Pair{{types=[] flags=0x0] notFlags=0x0 checks=[{atype=undefined independent=true modes=[OPEN,TO_FRONT] flags=IN_TASK_WITH_EMBEDDED_ACTIVITY mustBeTask=false order=ANY topActivity=ComponentInfo{com.google.android.apps.nexuslauncher/com.google.android.apps.nexuslauncher.NexusLauncherActivity} launchCookie=null},{atype=undefined independent=true modes=[CLOSE,TO_BACK] flags=IN_TASK_WITH_EMBEDDED_ACTIVITY mustBeTask=false order=ANY topActivity=null launchCookie=null}]} RemoteTransition { remoteTransition = android.window.IRemoteTransition$Stub$Proxy@21a0ae4, appThread = android.app.IApplicationThread$Stub$Proxy@4c04b4d, debugName = OverlaySwipeBack }}
2025-05-23 07:23:15.750  1237-1303  WindowManagerShell      com.android.systemui                 V   Checking filter Pair{{types=[] flags=0x0] notFlags=0x0 checks=[{atype=dream independent=true modes=[OPEN,TO_FRONT] flags=NONE mustBeTask=false order=ANY topActivity=null launchCookie=null},{atype=home independent=true modes=[CLOSE,TO_BACK] flags=NONE mustBeTask=false order=ANY topActivity=null launchCookie=null}]} RemoteTransition { remoteTransition = android.window.IRemoteTransition$Stub$Proxy@75fb602, appThread = android.app.IApplicationThread$Stub$Proxy@4c14b13, debugName = LauncherToDream }}
2025-05-23 07:23:15.750  1237-1303  WindowManagerShell      com.android.systemui                 V   Checking filter Pair{{types=[] flags=0x0] notFlags=0x100 checks=[{atype=home independent=true modes=[OPEN,TO_FRONT] flags=NONE mustBeTask=false order=TOP topActivity=ComponentInfo{com.google.android.apps.nexuslauncher/com.google.android.apps.nexuslauncher.NexusLauncherActivity} launchCookie=null},{atype=standard independent=true modes=[CLOSE,TO_BACK] flags=NONE mustBeTask=false order=ANY topActivity=null launchCookie=null}]} RemoteTransition { remoteTransition = android.window.IRemoteTransition$Stub$Proxy@edef150, appThread = android.app.IApplicationThread$Stub$Proxy@6534f49, debugName = QuickstepLaunchHome }}
2025-05-23 07:23:15.750  1237-1303  WindowManagerShell      com.android.systemui                 V   Delegate animation for (#191) to null
2025-05-23 07:23:15.750  1237-1303  WindowManagerShell      com.android.systemui                 V   try handler com.android.wm.shell.transition.DefaultTransitionHandler@7eadb28
2025-05-23 07:23:15.750  1237-1303  WindowManagerShell      com.android.systemui                 V  start default transition animation, info = {id=191 t=CLOSE f=0x0 trk=1 opt={t=FROM_STYLE} r=[0@Point(0, 0)] c=[{null m=CLOSE f=TRANSLUCENT|FILLS_TASK leash=Surface(name=ActivityRecord{d49a78b u0 com.example.fit5046assignment/com.google.android.gms.auth.api.signin.internal.SignInHubActivity)/@0x64cdd10 sb=Rect(0, 0 - 1344, 2992) eb=Rect(0, 0 - 1344, 2992) d=0 bc=fffafafa component=com.example.fit5046assignment/com.google.android.gms.auth.api.signin.internal.SignInHubActivity}]}
2025-05-23 07:23:15.750  1237-1303  WindowManagerShell      com.android.systemui                 V  loadAnimation: anim=null animAttr=0x7 type=CLOSE isEntrance=false
2025-05-23 07:23:15.751  1237-1303  WindowManagerShell      com.android.systemui                 V  Transition animation finished (aborted=false), notifying core (#191) android.os.BinderProxy@8488dd3@1
2025-05-23 07:23:15.753   608-1383  UserManagerService      system_server                        W  Requested status bar icon for non-badged user 0
2025-05-23 07:23:15.755   608-638   WindowManager           system_server                        V  Finish Transition (#191): created at 05-23 07:23:15.727 collect-started=0.014ms request-sent=0.039ms started=8.821ms ready=13.657ms sent=17.534ms finished=27.223ms
2025-05-23 07:23:15.756  1237-1303  WindowManagerShell      com.android.systemui                 V  Track 1 became idle
2025-05-23 07:23:15.756  1237-1303  WindowManagerShell      com.android.systemui                 V  All active transition animations finished
2025-05-23 07:23:15.756  1237-1303  WindowManagerShell      com.android.systemui                 V   animated by com.android.wm.shell.transition.DefaultTransitionHandler@7eadb28
2025-05-23 07:23:15.761  1237-1303  WindowManagerShell      com.android.systemui                 V  Track 1 became idle
2025-05-23 07:23:15.761  1237-1303  WindowManagerShell      com.android.systemui                 V  All active transition animations finished
2025-05-23 07:23:15.763 10142-10142 VRI[SignInHubActivity]  com.example.fit5046assignment        D  visibilityChanged oldVisibility=true newVisibility=false
2025-05-23 07:23:15.768 10142-10212 System                  com.example.fit5046assignment        W  Ignoring header X-Firebase-Locale because its value was null.
2025-05-23 07:23:15.772   608-896   ImeTracker              system_server                        I  com.example.fit5046assignment:666e1308: onRequestHide at ORIGIN_SERVER reason HIDE_UNSPECIFIED_WINDOW fromUser false
2025-05-23 07:23:15.772   608-896   ImeTracker              system_server                        I  com.example.fit5046assignment:666e1308: onCancelled at PHASE_SERVER_SHOULD_HIDE
2025-05-23 07:23:15.773  6977-6977  WindowOnBackDispatcher  com.google.android.gms.ui            W  sendCancelIfRunning: isInProgress=false callback=android.view.ViewRootImpl$$ExternalSyntheticLambda11@fd8e284
2025-05-23 07:23:15.777  5960-5960  GoogleInpu...hodService com...gle.android.inputmethod.latin  I  GoogleInputMethodService.onFinishInput():3157 
2025-05-23 07:23:15.782  5960-5960  GoogleInpu...hodService com...gle.android.inputmethod.latin  I  GoogleInputMethodService.updateDeviceLockedStatus():2248 repeatCheckTimes = 0, locked = false
2025-05-23 07:23:15.782  5960-5960  GoogleInpu...hodService com...gle.android.inputmethod.latin  I  GoogleInputMethodService.onStartInput():1986 onStartInput(EditorInfo{EditorInfo{packageName=com.example.fit5046assignment, inputType=0, inputTypeString=NULL, enableLearning=false, autoCorrection=false, autoComplete=false, imeOptions=0, privateImeOptions=null, actionName=UNSPECIFIED, actionLabel=null, initialSelStart=-1, initialSelEnd=-1, initialCapsMode=0, label=null, fieldId=0, fieldName=null, extras=null, hintText=null, hintLocales=[]}}, false)
2025-05-23 07:23:15.783  5960-5960  GoogleInpu...hodService com...gle.android.inputmethod.latin  I  GoogleInputMethodService.updateDeviceLockedStatus():2248 repeatCheckTimes = 1, locked = false
2025-05-23 07:23:15.783  5960-5960  AndroidIME              com...gle.android.inputmethod.latin  I  InputBundleManager.loadActiveInputBundleId():450 loadActiveInputBundleId: und-Latn-x-password, password
2025-05-23 07:23:15.784   608-1511  PackageConfigPersister  system_server                        W  App-specific configuration not found for packageName: com.example.fit5046assignment and userId: 0
2025-05-23 07:23:15.787   608-1383  UserManagerService      system_server                        W  Requested status bar icon for non-badged user 0
2025-05-23 07:23:15.789   608-843   CoreBackPreview         system_server                        D  Window{7beb2c8 u0 com.google.android.gms/com.google.android.gms.auth.api.signin.ui.SignInActivity}: Setting back callback null
2025-05-23 07:23:15.802   608-2578  InputManager-JNI        system_server                        W  Input channel object '7beb2c8 com.google.android.gms/com.google.android.gms.auth.api.signin.ui.SignInActivity (client)' was disposed without first being removed with the input manager!
2025-05-23 07:23:15.804   608-1383  UserManagerService      system_server                        W  Requested status bar icon for non-badged user 0
2025-05-23 07:23:15.805  1509-1976  EGL_emulation           com...le.android.apps.nexuslauncher  D  app_time_stats: avg=1505.40ms min=5.29ms max=17619.24ms count=12
2025-05-23 07:23:15.818  1855-2218  AssistantForeground     com....android.googlequicksearchbox  I  (REDACTED) Get launcher package: %s
2025-05-23 07:23:15.845 10142-10142 WindowOnBackDispatcher  com.example.fit5046assignment        W  sendCancelIfRunning: isInProgress=false callback=android.view.ViewRootImpl$$ExternalSyntheticLambda11@55a73c9
2025-05-23 07:23:15.845   608-1511  CoreBackPreview         system_server                        D  Window{bd7897b u0 com.example.fit5046assignment/com.google.android.gms.auth.api.signin.internal.SignInHubActivity}: Setting back callback null
2025-05-23 07:23:15.859   608-1511  InputManager-JNI        system_server                        W  Input channel object 'bd7897b com.example.fit5046assignment/com.google.android.gms.auth.api.signin.internal.SignInHubActivity (client)' was disposed without first being removed with the input manager!
2025-05-23 07:23:15.867   608-896   ImeTracker              system_server                        I  com.example.fit5046assignment:a5264d8f: onRequestHide at ORIGIN_SERVER reason HIDE_UNSPECIFIED_WINDOW fromUser false
2025-05-23 07:23:15.868   608-896   ImeTracker              system_server                        I  com.example.fit5046assignment:a5264d8f: onCancelled at PHASE_SERVER_SHOULD_HIDE
2025-05-23 07:23:15.869  5960-5960  GoogleInpu...hodService com...gle.android.inputmethod.latin  I  GoogleInputMethodService.onFinishInput():3157 
2025-05-23 07:23:15.869  5960-5960  GoogleInpu...hodService com...gle.android.inputmethod.latin  I  GoogleInputMethodService.updateDeviceLockedStatus():2248 repeatCheckTimes = 0, locked = false
2025-05-23 07:23:15.870  5960-5960  GoogleInpu...hodService com...gle.android.inputmethod.latin  I  GoogleInputMethodService.onStartInput():1986 onStartInput(EditorInfo{EditorInfo{packageName=com.example.fit5046assignment, inputType=0, inputTypeString=NULL, enableLearning=false, autoCorrection=false, autoComplete=false, imeOptions=0, privateImeOptions=null, actionName=UNSPECIFIED, actionLabel=null, initialSelStart=-1, initialSelEnd=-1, initialCapsMode=0, label=null, fieldId=0, fieldName=null, extras=null, hintText=null, hintLocales=[]}}, false)
2025-05-23 07:23:15.870  5960-5960  GoogleInpu...hodService com...gle.android.inputmethod.latin  I  GoogleInputMethodService.updateDeviceLockedStatus():2248 repeatCheckTimes = 1, locked = false
2025-05-23 07:23:15.870  5960-5960  AndroidIME              com...gle.android.inputmethod.latin  I  InputBundleManager.loadActiveInputBundleId():450 loadActiveInputBundleId: und-Latn-x-password, password
2025-05-23 07:23:15.871   608-1383  PackageConfigPersister  system_server                        W  App-specific configuration not found for packageName: com.example.fit5046assignment and userId: 0
2025-05-23 07:23:16.149 10142-10212 System                  com.example.fit5046assignment        W  Ignoring header X-Firebase-Locale because its value was null.
2025-05-23 07:23:16.357  5745-10058 AlarmManager            com.google.android.gms.persistent    I  setExactAndAllowWhileIdle [name: GCM_HB_ALARM type: 2 triggerAtMillis: 5414528]
2025-05-23 07:23:16.460  5745-10260 AlarmManager            com.google.android.gms.persistent    I  setExactAndAllowWhileIdle [name: GCM_HB_ALARM type: 2 triggerAtMillis: 6004631]
2025-05-23 07:23:16.475 10142-10212 FirebaseAuth            com.example.fit5046assignment        D  Notifying id token listeners about user ( owMNOkbP3TgLeaH9tNmmk3yBgIJ2 ).
